Microchip MPLAB XC8 Compiler V2.31

Linker command line:

-W-3 --edf=C:\Program Files\Microchip\xc8\v2.31\pic\dat\en_msgs.txt -cn \
  -h+dist/default/production\Lab4M.X.production.sym \
  --cmf=dist/default/production\Lab4M.X.production.cmf -z -Q16F887 \
  -oC:\Users\jalva\AppData\Local\Temp\s4ks.2 --defsym=__MPLAB_BUILD=1 \
  -Mdist/default/production/Lab4M.X.production.map -E1 -ver=XC8 Compiler \
  --acfsm=1493 -ASTACK=0110h-016Fh -pstack=STACK -ACODE=00h-07FFhx4 \
  -ASTRCODE=00h-01FFFh -ASTRING=00h-0FFhx32 -ACONST=00h-0FFhx32 \
  -AENTRY=00h-0FFhx32 -ACOMMON=070h-07Fh -ABANK0=020h-06Fh \
  -ABANK1=0A0h-0EFh -ABANK2=0110h-016Fh -ABANK3=0190h-01EFh \
  -ARAM=020h-06Fh,0A0h-0EFh,0110h-016Fh,0190h-01EFh \
  -AABS1=020h-07Fh,0A0h-0EFh,0110h-016Fh,0190h-01EFh -ASFR0=00h-01Fh \
  -ASFR1=080h-09Fh -ASFR2=0100h-010Fh -ASFR3=0180h-018Fh \
  -ACONFIG=02007h-02008h -DCONFIG=2 -AIDLOC=02000h-02003h -DIDLOC=2 \
  -AEEDATA=00h-0FFh/02100h -peeprom_data=EEDATA -DEEDATA=2 -DCODE=2 \
  -DSTRCODE=2 -DSTRING=2 -DCONST=2 -DENTRY=2 \
  -preset_vec=00h,intentry=04h,init,end_init -ppowerup=CODE -pcinit=CODE \
  -pfunctab=ENTRY -k C:\Users\jalva\AppData\Local\Temp\s4ks.o \
  dist/default/production\Lab4M.X.production.o 

Object code version is 3.11

Machine type is 16F887



                Name                               Link     Load   Length Selector   Space Scale
C:\Users\jalva\AppData\Local\Temp\s4ks.o
                end_init                              C        C        3        8       0
                reset_vec                             0        0        3        0       0
                config                             2007     2007        2        0       4
dist/default/production\Lab4M.X.production.o
                cinit                                 F        F       12        8       0
                intentry                              4        4        8        8       0
                config                             2007     2007        2        0       4
                text26                              B8E      B8E        7     171C       0
                text25                              BBF      BBF       10     177E       0
                text24                              BF8      BF8       1F     17F0       0
                text23                              BB2      BB2        D     1764       0
                text22                              C17      C17       20     182E       0
                text21                              BA7      BA7        B     174E       0
                text20                              B95      B95        9     172A       0
                text19                              B9E      B9E        9     173C       0
                text18                              D9A      D9A       68     1B34       0
                text17                              CCF      CCF       39     199E       0
                text16                              C7E      C7E       25     18FC       0
                text15                              BCF      BCF       14     179E       0
                text14                              C37      C37       23     186E       0
                text13                              7D5      7D5       29        8       0
                text12                               21       21      361        8       0
                text11                              382      382      288        8       0
                text10                              C5A      C5A       24     18B4       0
                text9                               E6B      E6B       7C     1CD6       0
                text8                               719      719       BC        8       0
                text7                               E02      E02       69     1C04       0
                text6                               BE3      BE3       15     17C6       0
                text5                               D08      D08       48     1A10       0
                text4                               F64      F64       9C     1EC8       0
                text3                               EE7      EE7       7D     1DCE       0
                text2                               CA3      CA3       2C     1946       0
                text1                               D50      D50       4A     1AA0       0
                maintext                            60A      60A      10F        8       0
                cstackBANK0                          20       20       40       20       1
                cstackCOMMON                         70       70        A       70       1
                bssBANK0                             60       60        A       20       1
                bssCOMMON                            7A       7A        2       70       1
                strings                             800      800       16     1000       0

TOTAL           Name                               Link     Load   Length     Space
        CLASS   STACK          

        CLASS   CODE           
                end_init                              C        C        3         0
                cinit                                 F        F       12         0
                intentry                              4        4        8         0
                reset_vec                             0        0        3         0
                text26                              B8E      B8E        7         0
                text25                              BBF      BBF       10         0
                text24                              BF8      BF8       1F         0
                text23                              BB2      BB2        D         0
                text22                              C17      C17       20         0
                text21                              BA7      BA7        B         0
                text20                              B95      B95        9         0
                text19                              B9E      B9E        9         0
                text18                              D9A      D9A       68         0
                text17                              CCF      CCF       39         0
                text16                              C7E      C7E       25         0
                text15                              BCF      BCF       14         0
                text14                              C37      C37       23         0
                text13                              7D5      7D5       29         0
                text12                               21       21      361         0
                text11                              382      382      288         0
                text10                              C5A      C5A       24         0
                text9                               E6B      E6B       7C         0
                text8                               719      719       BC         0
                text7                               E02      E02       69         0
                text6                               BE3      BE3       15         0
                text5                               D08      D08       48         0
                text4                               F64      F64       9C         0
                text3                               EE7      EE7       7D         0
                text2                               CA3      CA3       2C         0
                text1                               D50      D50       4A         0
                maintext                            60A      60A      10F         0

        CLASS   STRCODE        

        CLASS   STRING         
                strings                             800      800       16         0

        CLASS   CONST          

        CLASS   ENTRY          

        CLASS   COMMON         
                cstackCOMMON                         70       70        A         1
                bssCOMMON                            7A       7A        2         1

        CLASS   BANK0          
                cstackBANK0                          20       20       40         1
                bssBANK0                             60       60        A         1

        CLASS   BANK1          

        CLASS   BANK2          

        CLASS   BANK3          

        CLASS   RAM            

        CLASS   ABS1           
                abs_s1                               7E       7E        2         1

        CLASS   SFR0           

        CLASS   SFR1           

        CLASS   SFR2           

        CLASS   SFR3           

        CLASS   CONFIG         
                config                             2007     2007        2         4

        CLASS   IDLOC          

        CLASS   EEDATA         



SEGMENTS        Name                           Load    Length   Top    Selector   Space  Class     Delta

                reset_vec                      000000  000003  000003         0       0  CODE        2
                intentry                       000004  0007FA  0007FE         8       0  CODE        2
                cstackBANK0                    000020  00004A  00006A        20       1  BANK0       1
                cstackCOMMON                   000070  00000C  00007C        70       1  COMMON      1
                strings                        000800  000016  000816      1000       0  STRING      2
                text26                         000B8E  000007  000B95      171C       0  CODE        2
                text20                         000B95  000009  000B9E      172A       0  CODE        2
                text19                         000B9E  000009  000BA7      173C       0  CODE        2
                text21                         000BA7  00000B  000BB2      174E       0  CODE        2
                text23                         000BB2  00000D  000BBF      1764       0  CODE        2
                text25                         000BBF  000010  000BCF      177E       0  CODE        2
                text15                         000BCF  000014  000BE3      179E       0  CODE        2
                text6                          000BE3  000015  000BF8      17C6       0  CODE        2
                text24                         000BF8  00001F  000C17      17F0       0  CODE        2
                text22                         000C17  000020  000C37      182E       0  CODE        2
                text14                         000C37  000023  000C5A      186E       0  CODE        2
                text10                         000C5A  000024  000C7E      18B4       0  CODE        2
                text16                         000C7E  000025  000CA3      18FC       0  CODE        2
                text2                          000CA3  00002C  000CCF      1946       0  CODE        2
                text17                         000CCF  000039  000D08      199E       0  CODE        2
                text5                          000D08  000048  000D50      1A10       0  CODE        2
                text1                          000D50  00004A  000D9A      1AA0       0  CODE        2
                text18                         000D9A  000068  000E02      1B34       0  CODE        2
                text7                          000E02  000069  000E6B      1C04       0  CODE        2
                text9                          000E6B  00007C  000EE7      1CD6       0  CODE        2
                text3                          000EE7  00007D  000F64      1DCE       0  CODE        2
                text4                          000F64  00009C  001000      1EC8       0  CODE        2


UNUSED ADDRESS RANGES

        Name                Unused          Largest block    Delta
        BANK0            006A-006F              6           1
        BANK1            00A0-00EF             50           1
        BANK2            0110-016F             60           1
        BANK3            0190-01EF             60           1
        CODE             0003-0003              1           2
                         07FE-07FF              2
                         0816-0B8D            378
                         1000-1FFF            800
        COMMON           007C-007D              2           1
        CONST            0003-0003              1           2
                         07FE-07FF              2
                         0816-0B8D            100
                         1000-1FFF            100
        EEDATA           2100-21FF            100           2
        ENTRY            0003-0003              1           2
                         07FE-07FF              2
                         0816-0B8D            100
                         1000-1FFF            100
        IDLOC            2000-2003              4           2
        RAM              006A-006F              6           1
                         00A0-00EF             50
                         0110-016F             60
                         0190-01EF             60
        SFR0             0000-001F             20           1
        SFR1             0080-009F             20           1
        SFR2             0100-010F             10           1
        SFR3             0180-018F             10           1
        STACK            0110-016F             60           1
        STRCODE          0003-0003              1           2
                         07FE-07FF              2
                         0816-0B8D            378
                         1000-1FFF           1000
        STRING           0003-0003              1           2
                         07FE-07FF              2
                         0816-0B8D            100
                         1000-1FFF            100

                                  Symbol Table

?__Umul8_16                 cstackCOMMON 0072
?___awdiv                   cstackCOMMON 0072
?___fladd                   cstackCOMMON 0072
?___flmul                   cstackBANK0  0026
?___flsub                   cstackBANK0  002C
?___fltol                   cstackBANK0  0040
?___lldiv                   cstackCOMMON 0072
?___xxtofl                  cstackCOMMON 0072
LCDstring@mensaje           cstackCOMMON 0075
MasterInit_I2C@frec         cstackBANK0  0026
MasterReceive_I2C@valor     cstackCOMMON 0073
MasterSend_I2C@dato         cstackCOMMON 0072
_ANSEL                      (abs)        0188
_ANSELH                     (abs)        0189
_DatS1                      bssCOMMON    007B
_DatS2                      bssCOMMON    007A
_LCDstring                  text24       0BF8
_MasterInit_I2C             text17       0CCF
_MasterReceive_I2C          text22       0C17
_MasterSend_I2C             text21       0BA7
_MasterStart_I2C            text20       0B95
_MasterStop_I2C             text19       0B9E
_OSCCONbits                 (abs)        008F
_PORTA                      (abs)        0005
_PORTB                      (abs)        0006
_PORTD                      (abs)        0008
_PORTE                      (abs)        0009
_RE0                        (abs)        0048
_RE1                        (abs)        0049
_SSPADD                     (abs)        0093
_SSPBUF                     (abs)        0013
_SSPCON                     (abs)        0014
_SSPCON2                    (abs)        0091
_SSPCON2bits                (abs)        0091
_SSPSTAT                    (abs)        0094
_TRISA                      (abs)        0085
_TRISB                      (abs)        0086
_TRISCbits                  (abs)        0087
_TRISD                      (abs)        0088
_TRISE                      (abs)        0089
__Habs1                     abs1         0000
__Hbank0                    bank0        0000
__Hbank1                    bank1        0000
__Hbank2                    bank2        0000
__Hbank3                    bank3        0000
__HbssBANK0                 bssBANK0     0000
__HbssCOMMON                bssCOMMON    0000
__Hcinit                    cinit        0021
__Hclrtext                  clrtext      0000
__Hcode                     code         0000
__Hcommon                   common       0000
__Hconfig                   config       2009
__HcstackBANK0              cstackBANK0  0000
__HcstackCOMMON             cstackCOMMON 0000
__Heeprom_data              eeprom_data  0000
__Hend_init                 end_init     000F
__Hfunctab                  functab      0000
__Hinit                     init         000C
__Hintentry                 intentry     000C
__Hmaintext                 maintext     0000
__Hpowerup                  powerup      0000
__Hram                      ram          0000
__Hreset_vec                reset_vec    0003
__Hsfr0                     sfr0         0000
__Hsfr1                     sfr1         0000
__Hsfr2                     sfr2         0000
__Hsfr3                     sfr3         0000
__Hspace_0                  (abs)        1000
__Hspace_1                  (abs)        007C
__Hspace_2                  (abs)        0000
__Hspace_3                  (abs)        0000
__Hspace_4                  (abs)        4010
__Hstack                    stack        0000
__Hstrings                  strings      0000
__Htext                     text         0000
__Labs1                     abs1         0000
__Lbank0                    bank0        0000
__Lbank1                    bank1        0000
__Lbank2                    bank2        0000
__Lbank3                    bank3        0000
__LbssBANK0                 bssBANK0     0000
__LbssCOMMON                bssCOMMON    0000
__Lcinit                    cinit        000F
__Lclrtext                  clrtext      0000
__Lcode                     code         0000
__Lcommon                   common       0000
__Lconfig                   config       0000
__LcstackBANK0              cstackBANK0  0000
__LcstackCOMMON             cstackCOMMON 0000
__Leeprom_data              eeprom_data  0000
__Lend_init                 end_init     000C
__Lfunctab                  functab      0000
__Linit                     init         000C
__Lintentry                 intentry     0004
__Lmaintext                 maintext     0000
__Lpowerup                  powerup      0000
__Lram                      ram          0000
__Lreset_vec                reset_vec    0000
__Lsfr0                     sfr0         0000
__Lsfr1                     sfr1         0000
__Lsfr2                     sfr2         0000
__Lsfr3                     sfr3         0000
__Lspace_0                  (abs)        0000
__Lspace_1                  (abs)        0000
__Lspace_2                  (abs)        0000
__Lspace_3                  (abs)        0000
__Lspace_4                  (abs)        0000
__Lstack                    stack        0000
__Lstrings                  strings      0000
__Ltext                     text         0000
__S0                        (abs)        1000
__S1                        (abs)        007C
__S2                        (abs)        0000
__S3                        (abs)        0000
__Umul8_16                  text13       07D5
__Umul8_16@multiplicand     cstackCOMMON 0072
__Umul8_16@multiplier       cstackBANK0  0024
__Umul8_16@product          cstackBANK0  0020
__Umul8_16@word_mpld        cstackBANK0  0022
___awdiv                    text7        0E02
___awdiv@counter            cstackBANK0  0020
___awdiv@dividend           cstackCOMMON 0074
___awdiv@divisor            cstackCOMMON 0072
___awdiv@quotient           cstackBANK0  0022
___awdiv@sign               cstackBANK0  0021
___bmul                     text6        0BE3
___bmul@multiplicand        cstackCOMMON 0072
___bmul@multiplier          cstackCOMMON 0075
___bmul@product             cstackCOMMON 0074
___fladd                    text11       0382
___fladd@a                  cstackCOMMON 0076
___fladd@aexp               cstackBANK0  0029
___fladd@b                  cstackCOMMON 0072
___fladd@bexp               cstackBANK0  002A
___fladd@grs                cstackBANK0  002B
___fladd@signs              cstackBANK0  0028
___flmul                    text12       0021
___flmul@a                  cstackBANK0  002A
___flmul@aexp               cstackBANK0  0034
___flmul@b                  cstackBANK0  0026
___flmul@bexp               cstackBANK0  0039
___flmul@grs                cstackBANK0  0035
___flmul@prod               cstackBANK0  003A
___flmul@sign               cstackBANK0  0033
___flmul@temp               cstackBANK0  003E
___flsub                    text10       0C5A
___flsub@a                  cstackBANK0  002C
___flsub@b                  cstackBANK0  0030
___fltol                    text9        0E6B
___fltol@exp1               cstackBANK0  004A
___fltol@f1                 cstackBANK0  0040
___fltol@sign1              cstackBANK0  0049
___int_sp                   stack        0000
___latbits                  (abs)        0002
___lldiv                    text18       0D9A
___lldiv@counter            cstackBANK0  0025
___lldiv@dividend           cstackCOMMON 0076
___lldiv@divisor            cstackCOMMON 0072
___lldiv@quotient           cstackBANK0  0021
___sp                       stack        0000
___stackhi                  (abs)        0000
___stacklo                  (abs)        0000
___xxtofl                   text8        0719
___xxtofl@arg               cstackBANK0  0022
___xxtofl@exp               cstackBANK0  0021
___xxtofl@sign              cstackBANK0  0020
___xxtofl@val               cstackCOMMON 0072
__end_of_LCDstring          text24       0C17
__end_of_MasterInit_I2C     text17       0D08
__end_of_MasterReceive_I2C  text22       0C37
__end_of_MasterSend_I2C     text21       0BB2
__end_of_MasterStart_I2C    text20       0B9E
__end_of_MasterStop_I2C     text19       0BA7
__end_of__Umul8_16          text13       07FE
__end_of___awdiv            text7        0E6B
__end_of___bmul             text6        0BF8
__end_of___fladd            text11       060A
__end_of___flmul            text12       0382
__end_of___flsub            text10       0C7E
__end_of___fltol            text9        0EE7
__end_of___lldiv            text18       0E02
__end_of___xxtofl           text8        07D5
__end_of__initialization    cinit        001D
__end_of__stringtab         strings      0806
__end_of_comandoLCD         text15       0BE3
__end_of_config             text16       0CA3
__end_of_cursorLCD          text14       0C5A
__end_of_dispCHAR           text25       0BCF
__end_of_division           text5        0D50
__end_of_divisiondecimal    text3        0F64
__end_of_floTochar          text4        1000
__end_of_hexTochar          text2        0CCF
__end_of_initLCD            text1        0D9A
__end_of_interrupcion       text26       0B95
__end_of_main               maintext     0719
__end_of_waitCondition      text23       0BBF
__initialization            cinit        000F
__pbssBANK0                 bssBANK0     0060
__pbssCOMMON                bssCOMMON    007A
__pcstackBANK0              cstackBANK0  0020
__pcstackCOMMON             cstackCOMMON 0070
__pintentry                 intentry     0004
__pmaintext                 maintext     060A
__pstrings                  strings      0800
__ptext1                    text1        0D50
__ptext10                   text10       0C5A
__ptext11                   text11       0382
__ptext12                   text12       0021
__ptext13                   text13       07D5
__ptext14                   text14       0C37
__ptext15                   text15       0BCF
__ptext16                   text16       0C7E
__ptext17                   text17       0CCF
__ptext18                   text18       0D9A
__ptext19                   text19       0B9E
__ptext2                    text2        0CA3
__ptext20                   text20       0B95
__ptext21                   text21       0BA7
__ptext22                   text22       0C17
__ptext23                   text23       0BB2
__ptext24                   text24       0BF8
__ptext25                   text25       0BBF
__ptext26                   text26       0B8E
__ptext3                    text3        0EE7
__ptext4                    text4        0F64
__ptext5                    text5        0D08
__ptext6                    text6        0BE3
__ptext7                    text7        0E02
__ptext8                    text8        0719
__ptext9                    text9        0E6B
__size_of_LCDstring         (abs)        0000
__size_of_MasterInit_I2C    (abs)        0000
__size_of_MasterReceive_I2C (abs)        0000
__size_of_MasterSend_I2C    (abs)        0000
__size_of_MasterStart_I2C   (abs)        0000
__size_of_MasterStop_I2C    (abs)        0000
__size_of__Umul8_16         (abs)        0000
__size_of___awdiv           (abs)        0000
__size_of___bmul            (abs)        0000
__size_of___fladd           (abs)        0000
__size_of___flmul           (abs)        0000
__size_of___flsub           (abs)        0000
__size_of___fltol           (abs)        0000
__size_of___lldiv           (abs)        0000
__size_of___xxtofl          (abs)        0000
__size_of_comandoLCD        (abs)        0000
__size_of_config            (abs)        0000
__size_of_cursorLCD         (abs)        0000
__size_of_dispCHAR          (abs)        0000
__size_of_division          (abs)        0000
__size_of_divisiondecimal   (abs)        0000
__size_of_floTochar         (abs)        0000
__size_of_hexTochar         (abs)        0000
__size_of_initLCD           (abs)        0000
__size_of_interrupcion      (abs)        0000
__size_of_main              (abs)        0000
__size_of_waitCondition     (abs)        0000
__stringbase                strings      0805
__stringtab                 strings      0800
_comandoLCD                 text15       0BCF
_config                     text16       0C7E
_cursorLCD                  text14       0C37
_disp1                      bssBANK0     0067
_disp2                      bssBANK0     0064
_dispCHAR                   text25       0BBF
_division                   text5        0D08
_divisiondecimal            text3        0EE7
_floTochar                  text4        0F64
_hexTochar                  text2        0CA3
_initLCD                    text1        0D50
_interrupcion               text26       0B8E
_lect1                      bssBANK0     0060
_main                       maintext     060A
_waitCondition              text23       0BB2
btemp                       (abs)        007E
comandoLCD@cmd              cstackCOMMON 0074
cursorLCD@columna           cstackCOMMON 0075
cursorLCD@fila              cstackCOMMON 0077
cursorLCD@temp              cstackCOMMON 0078
dispCHAR@b                  cstackCOMMON 0073
division@conteo             cstackBANK0  0026
division@dec                cstackBANK0  0025
division@div                cstackBANK0  0027
division@un                 cstackBANK0  0024
divisiondecimal@cent        cstackBANK0  0026
divisiondecimal@conteo      cstackBANK0  0027
divisiondecimal@dec         cstackBANK0  0025
divisiondecimal@div         cstackBANK0  0028
divisiondecimal@un          cstackBANK0  0024
end_of_initialization       cinit        001D
floTochar@conv              cstackBANK0  004F
floTochar@decimal           cstackBANK0  0058
floTochar@digdecimal        cstackBANK0  005A
floTochar@entero            cstackBANK0  0059
floTochar@temp              cstackBANK0  0054
floTochar@valor             cstackBANK0  004B
hexTochar@centena           cstackBANK0  002F
hexTochar@conv              cstackBANK0  0029
hexTochar@decena            cstackBANK0  0030
hexTochar@unidad            cstackBANK0  002E
hexTochar@valor             cstackBANK0  002D
interrupt_function          intentry     0004
intlevel0                   functab      0000
intlevel1                   functab      0000
intlevel2                   functab      0000
intlevel3                   functab      0000
intlevel4                   functab      0000
intlevel5                   functab      0000
reset_vec                   reset_vec    0000
saved_w                     (abs)        007E
start                       init         000C
start_initialization        cinit        000F
wtemp0                      (abs)        007E


FUNCTION INFORMATION:

 *************** function _main *****************
 Defined at:
		line 59 in file "main.c"
 Parameters:    Size  Location     Type
		None
 Auto vars:     Size  Location     Type
		None
 Return value:  Size  Location     Type
                  1    wreg      void 
 Registers used:
		wreg, fsr0l, fsr0h, status,2, status,0, btemp+1, pclath, cstack
 Tracked objects:
		On entry : 
		On exit  : 
		Unchanged: 
 Data sizes:     COMMON   BANK0   BANK1   BANK3   BANK2
      Params:         0       0       0       0       0
      Locals:         0       0       0       0       0
      Temps:          0       4       0       0       0
      Totals:         0       4       0       0       0
Total ram usage:        4 bytes
 Hardware stack levels required when called:    4
 This function calls:
		_LCDstring
		_MasterReceive_I2C
		_MasterSend_I2C
		_MasterStart_I2C
		_MasterStop_I2C
		___flmul
		___xxtofl
		_config
		_cursorLCD
		_dispCHAR
		_floTochar
		_hexTochar
		_initLCD
 This function is called by:
		Startup code after reset
 This function uses a non-reentrant model


 *************** function _initLCD *****************
 Defined at:
		line 20 in file "LCDD2.c"
 Parameters:    Size  Location     Type
		None
 Auto vars:     Size  Location     Type
		None
 Return value:  Size  Location     Type
                  1    wreg      void 
 Registers used:
		wreg, status,2, status,0, pclath, cstack
 Tracked objects:
		On entry : 
		On exit  : 
		Unchanged: 
 Data sizes:     COMMON   BANK0   BANK1   BANK3   BANK2
      Params:         0       0       0       0       0
      Locals:         0       0       0       0       0
      Temps:          2       0       0       0       0
      Totals:         2       0       0       0       0
Total ram usage:        2 bytes
 Hardware stack levels used:    1
 Hardware stack levels required when called:    2
 This function calls:
		_comandoLCD
 This function is called by:
		_main
 This function uses a non-reentrant model


 *************** function _hexTochar *****************
 Defined at:
		line 154 in file "main.c"
 Parameters:    Size  Location     Type
  valor           1    wreg     unsigned char 
  conv            1    9[BANK0 ] PTR unsigned char 
		 -> disp2(3), 
 Auto vars:     Size  Location     Type
  valor           1   13[BANK0 ] unsigned char 
  decena          1   16[BANK0 ] unsigned char 
  centena         1   15[BANK0 ] unsigned char 
  unidad          1   14[BANK0 ] unsigned char 
 Return value:  Size  Location     Type
                  1    wreg      void 
 Registers used:
		wreg, fsr0l, fsr0h, status,2, status,0, pclath, cstack
 Tracked objects:
		On entry : 
		On exit  : 
		Unchanged: 
 Data sizes:     COMMON   BANK0   BANK1   BANK3   BANK2
      Params:         0       1       0       0       0
      Locals:         0       4       0       0       0
      Temps:          0       3       0       0       0
      Totals:         0       8       0       0       0
Total ram usage:        8 bytes
 Hardware stack levels used:    1
 Hardware stack levels required when called:    3
 This function calls:
		_divisiondecimal
 This function is called by:
		_main
 This function uses a non-reentrant model


 *************** function _divisiondecimal *****************
 Defined at:
		line 166 in file "main.c"
 Parameters:    Size  Location     Type
  conteo          1    wreg     unsigned char 
  un              1    4[BANK0 ] PTR unsigned char 
		 -> hexTochar@unidad(1), 
  dec             1    5[BANK0 ] PTR unsigned char 
		 -> hexTochar@decena(1), 
  cent            1    6[BANK0 ] PTR unsigned char 
		 -> hexTochar@centena(1), 
 Auto vars:     Size  Location     Type
  conteo          1    7[BANK0 ] unsigned char 
  div             1    8[BANK0 ] unsigned char 
 Return value:  Size  Location     Type
                  1    wreg      void 
 Registers used:
		wreg, fsr0l, fsr0h, status,2, status,0, pclath, cstack
 Tracked objects:
		On entry : 
		On exit  : 
		Unchanged: 
 Data sizes:     COMMON   BANK0   BANK1   BANK3   BANK2
      Params:         0       3       0       0       0
      Locals:         0       2       0       0       0
      Temps:          3       0       0       0       0
      Totals:         3       5       0       0       0
Total ram usage:        8 bytes
 Hardware stack levels used:    1
 Hardware stack levels required when called:    2
 This function calls:
		___awdiv
		___bmul
 This function is called by:
		_hexTochar
 This function uses a non-reentrant model


 *************** function _floTochar *****************
 Defined at:
		line 118 in file "main.c"
 Parameters:    Size  Location     Type
  valor           4   43[BANK0 ] const float 
  conv            1   47[BANK0 ] PTR unsigned char 
		 -> disp1(3), 
 Auto vars:     Size  Location     Type
  temp            4   52[BANK0 ] float 
  digdecimal      2   58[BANK0 ] unsigned char [2]
  entero          1   57[BANK0 ] unsigned char 
  decimal         1   56[BANK0 ] unsigned char 
 Return value:  Size  Location     Type
                  1    wreg      void 
 Registers used:
		wreg, fsr0l, fsr0h, status,2, status,0, btemp+1, pclath, cstack
 Tracked objects:
		On entry : 
		On exit  : 
		Unchanged: 
 Data sizes:     COMMON   BANK0   BANK1   BANK3   BANK2
      Params:         0       5       0       0       0
      Locals:         0       8       0       0       0
      Temps:          0       4       0       0       0
      Totals:         0      17       0       0       0
Total ram usage:       17 bytes
 Hardware stack levels used:    1
 Hardware stack levels required when called:    3
 This function calls:
		___flmul
		___flsub
		___fltol
		___xxtofl
		_division
 This function is called by:
		_main
 This function uses a non-reentrant model


 *************** function _division *****************
 Defined at:
		line 140 in file "main.c"
 Parameters:    Size  Location     Type
  conteo          1    wreg     unsigned char 
  un              1    4[BANK0 ] PTR unsigned char 
		 -> floTochar@digdecimal(2), 
  dec             1    5[BANK0 ] PTR unsigned char 
		 -> floTochar@digdecimal(2), 
 Auto vars:     Size  Location     Type
  conteo          1    6[BANK0 ] unsigned char 
  div             1    7[BANK0 ] unsigned char 
 Return value:  Size  Location     Type
                  1    wreg      void 
 Registers used:
		wreg, fsr0l, fsr0h, status,2, status,0, pclath, cstack
 Tracked objects:
		On entry : 
		On exit  : 
		Unchanged: 
 Data sizes:     COMMON   BANK0   BANK1   BANK3   BANK2
      Params:         0       2       0       0       0
      Locals:         0       2       0       0       0
      Temps:          3       0       0       0       0
      Totals:         3       4       0       0       0
Total ram usage:        7 bytes
 Hardware stack levels used:    1
 Hardware stack levels required when called:    2
 This function calls:
		___awdiv
		___bmul
 This function is called by:
		_floTochar
 This function uses a non-reentrant model


 *************** function ___bmul *****************
 Defined at:
		line 4 in file "C:\Program Files\Microchip\xc8\v2.31\pic\sources\c90\common\Umul8.c"
 Parameters:    Size  Location     Type
  multiplier      1    wreg     unsigned char 
  multiplicand    1    2[COMMON] unsigned char 
 Auto vars:     Size  Location     Type
  multiplier      1    5[COMMON] unsigned char 
  product         1    4[COMMON] unsigned char 
 Return value:  Size  Location     Type
                  1    wreg      unsigned char 
 Registers used:
		wreg, status,2, status,0
 Tracked objects:
		On entry : 
		On exit  : 
		Unchanged: 
 Data sizes:     COMMON   BANK0   BANK1   BANK3   BANK2
      Params:         1       0       0       0       0
      Locals:         2       0       0       0       0
      Temps:          1       0       0       0       0
      Totals:         4       0       0       0       0
Total ram usage:        4 bytes
 Hardware stack levels used:    1
 Hardware stack levels required when called:    1
 This function calls:
		Nothing
 This function is called by:
		_division
		_divisiondecimal
 This function uses a non-reentrant model


 *************** function ___awdiv *****************
 Defined at:
		line 5 in file "C:\Program Files\Microchip\xc8\v2.31\pic\sources\c90\common\awdiv.c"
 Parameters:    Size  Location     Type
  divisor         2    2[COMMON] int 
  dividend        2    4[COMMON] int 
 Auto vars:     Size  Location     Type
  quotient        2    2[BANK0 ] int 
  sign            1    1[BANK0 ] unsigned char 
  counter         1    0[BANK0 ] unsigned char 
 Return value:  Size  Location     Type
                  2    2[COMMON] int 
 Registers used:
		wreg, status,2, status,0
 Tracked objects:
		On entry : 
		On exit  : 
		Unchanged: 
 Data sizes:     COMMON   BANK0   BANK1   BANK3   BANK2
      Params:         4       0       0       0       0
      Locals:         0       4       0       0       0
      Temps:          1       0       0       0       0
      Totals:         5       4       0       0       0
Total ram usage:        9 bytes
 Hardware stack levels used:    1
 Hardware stack levels required when called:    1
 This function calls:
		Nothing
 This function is called by:
		_division
		_divisiondecimal
 This function uses a non-reentrant model


 *************** function ___xxtofl *****************
 Defined at:
		line 10 in file "C:\Program Files\Microchip\xc8\v2.31\pic\sources\c90\common\xxtofl.c"
 Parameters:    Size  Location     Type
  sign            1    wreg     unsigned char 
  val             4    2[COMMON] long 
 Auto vars:     Size  Location     Type
  sign            1    0[BANK0 ] unsigned char 
  arg             4    2[BANK0 ] unsigned long 
  exp             1    1[BANK0 ] unsigned char 
 Return value:  Size  Location     Type
                  4    2[COMMON] unsigned char 
 Registers used:
		wreg, status,2, status,0
 Tracked objects:
		On entry : 
		On exit  : 
		Unchanged: 
 Data sizes:     COMMON   BANK0   BANK1   BANK3   BANK2
      Params:         4       0       0       0       0
      Locals:         0       6       0       0       0
      Temps:          4       0       0       0       0
      Totals:         8       6       0       0       0
Total ram usage:       14 bytes
 Hardware stack levels used:    1
 Hardware stack levels required when called:    1
 This function calls:
		Nothing
 This function is called by:
		_main
		_floTochar
 This function uses a non-reentrant model


 *************** function ___fltol *****************
 Defined at:
		line 43 in file "C:\Program Files\Microchip\xc8\v2.31\pic\sources\c90\common\fltol.c"
 Parameters:    Size  Location     Type
  f1              4   32[BANK0 ] unsigned char 
 Auto vars:     Size  Location     Type
  exp1            1   42[BANK0 ] unsigned char 
  sign1           1   41[BANK0 ] unsigned char 
 Return value:  Size  Location     Type
                  4   32[BANK0 ] long 
 Registers used:
		wreg, status,2, status,0
 Tracked objects:
		On entry : 
		On exit  : 
		Unchanged: 
 Data sizes:     COMMON   BANK0   BANK1   BANK3   BANK2
      Params:         0       4       0       0       0
      Locals:         0       2       0       0       0
      Temps:          0       5       0       0       0
      Totals:         0      11       0       0       0
Total ram usage:       11 bytes
 Hardware stack levels used:    1
 Hardware stack levels required when called:    1
 This function calls:
		Nothing
 This function is called by:
		_floTochar
 This function uses a non-reentrant model


 *************** function ___flsub *****************
 Defined at:
		line 242 in file "C:\Program Files\Microchip\xc8\v2.31\pic\sources\c90\common\sprcadd.c"
 Parameters:    Size  Location     Type
  a               4   12[BANK0 ] long 
  b               4   16[BANK0 ] long 
 Auto vars:     Size  Location     Type
		None
 Return value:  Size  Location     Type
                  4   12[BANK0 ] long 
 Registers used:
		wreg, status,2, status,0, btemp+1, pclath, cstack
 Tracked objects:
		On entry : 
		On exit  : 
		Unchanged: 
 Data sizes:     COMMON   BANK0   BANK1   BANK3   BANK2
      Params:         0       8       0       0       0
      Locals:         0       0       0       0       0
      Temps:          0       0       0       0       0
      Totals:         0       8       0       0       0
Total ram usage:        8 bytes
 Hardware stack levels used:    1
 Hardware stack levels required when called:    2
 This function calls:
		___fladd
 This function is called by:
		_floTochar
 This function uses a non-reentrant model


 *************** function ___fladd *****************
 Defined at:
		line 10 in file "C:\Program Files\Microchip\xc8\v2.31\pic\sources\c90\common\sprcadd.c"
 Parameters:    Size  Location     Type
  b               4    2[COMMON] long 
  a               4    6[COMMON] long 
 Auto vars:     Size  Location     Type
  grs             1   11[BANK0 ] unsigned char 
  bexp            1   10[BANK0 ] unsigned char 
  aexp            1    9[BANK0 ] unsigned char 
  signs           1    8[BANK0 ] unsigned char 
 Return value:  Size  Location     Type
                  4    2[COMMON] unsigned char 
 Registers used:
		wreg, status,2, status,0, btemp+1
 Tracked objects:
		On entry : 
		On exit  : 
		Unchanged: 
 Data sizes:     COMMON   BANK0   BANK1   BANK3   BANK2
      Params:         8       0       0       0       0
      Locals:         0       4       0       0       0
      Temps:          0       8       0       0       0
      Totals:         8      12       0       0       0
Total ram usage:       20 bytes
 Hardware stack levels used:    1
 Hardware stack levels required when called:    1
 This function calls:
		Nothing
 This function is called by:
		___flsub
 This function uses a non-reentrant model


 *************** function ___flmul *****************
 Defined at:
		line 8 in file "C:\Program Files\Microchip\xc8\v2.31\pic\sources\c90\common\sprcmul.c"
 Parameters:    Size  Location     Type
  b               4    6[BANK0 ] unsigned char 
  a               4   10[BANK0 ] unsigned char 
 Auto vars:     Size  Location     Type
  prod            4   26[BANK0 ] struct .
  grs             4   21[BANK0 ] unsigned long 
  temp            2   30[BANK0 ] struct .
  bexp            1   25[BANK0 ] unsigned char 
  aexp            1   20[BANK0 ] unsigned char 
  sign            1   19[BANK0 ] unsigned char 
 Return value:  Size  Location     Type
                  4    6[BANK0 ] unsigned char 
 Registers used:
		wreg, status,2, status,0, btemp+1, pclath, cstack
 Tracked objects:
		On entry : 
		On exit  : 
		Unchanged: 
 Data sizes:     COMMON   BANK0   BANK1   BANK3   BANK2
      Params:         0       8       0       0       0
      Locals:         0      13       0       0       0
      Temps:          0       5       0       0       0
      Totals:         0      26       0       0       0
Total ram usage:       26 bytes
 Hardware stack levels used:    1
 Hardware stack levels required when called:    2
 This function calls:
		__Umul8_16
 This function is called by:
		_main
		_floTochar
 This function uses a non-reentrant model


 *************** function __Umul8_16 *****************
 Defined at:
		line 4 in file "C:\Program Files\Microchip\xc8\v2.31\pic\sources\c90\common\Umul8_16.c"
 Parameters:    Size  Location     Type
  multiplier      1    wreg     unsigned char 
  multiplicand    1    2[COMMON] unsigned char 
 Auto vars:     Size  Location     Type
  multiplier      1    4[BANK0 ] unsigned char 
  word_mpld       2    2[BANK0 ] unsigned int 
  product         2    0[BANK0 ] unsigned int 
 Return value:  Size  Location     Type
                  2    2[COMMON] unsigned int 
 Registers used:
		wreg, status,2, status,0
 Tracked objects:
		On entry : 
		On exit  : 
		Unchanged: 
 Data sizes:     COMMON   BANK0   BANK1   BANK3   BANK2
      Params:         2       0       0       0       0
      Locals:         0       5       0       0       0
      Temps:          2       0       0       0       0
      Totals:         4       5       0       0       0
Total ram usage:        9 bytes
 Hardware stack levels used:    1
 Hardware stack levels required when called:    1
 This function calls:
		Nothing
 This function is called by:
		___flmul
 This function uses a non-reentrant model


 *************** function _cursorLCD *****************
 Defined at:
		line 50 in file "LCDD2.c"
 Parameters:    Size  Location     Type
  fila            1    wreg     unsigned char 
  columna         1    5[COMMON] unsigned char 
 Auto vars:     Size  Location     Type
  fila            1    7[COMMON] unsigned char 
  temp            1    8[COMMON] unsigned char 
 Return value:  Size  Location     Type
                  1    wreg      void 
 Registers used:
		wreg, status,2, status,0, pclath, cstack
 Tracked objects:
		On entry : 
		On exit  : 
		Unchanged: 
 Data sizes:     COMMON   BANK0   BANK1   BANK3   BANK2
      Params:         1       0       0       0       0
      Locals:         2       0       0       0       0
      Temps:          1       0       0       0       0
      Totals:         4       0       0       0       0
Total ram usage:        4 bytes
 Hardware stack levels used:    1
 Hardware stack levels required when called:    2
 This function calls:
		_comandoLCD
 This function is called by:
		_main
 This function uses a non-reentrant model


 *************** function _comandoLCD *****************
 Defined at:
		line 63 in file "LCDD2.c"
 Parameters:    Size  Location     Type
  cmd             1    wreg     unsigned char 
 Auto vars:     Size  Location     Type
  cmd             1    4[COMMON] unsigned char 
 Return value:  Size  Location     Type
                  1    wreg      void 
 Registers used:
		wreg
 Tracked objects:
		On entry : 
		On exit  : 
		Unchanged: 
 Data sizes:     COMMON   BANK0   BANK1   BANK3   BANK2
      Params:         0       0       0       0       0
      Locals:         1       0       0       0       0
      Temps:          2       0       0       0       0
      Totals:         3       0       0       0       0
Total ram usage:        3 bytes
 Hardware stack levels used:    1
 Hardware stack levels required when called:    1
 This function calls:
		Nothing
 This function is called by:
		_initLCD
		_cursorLCD
		_ClearLCD
 This function uses a non-reentrant model


 *************** function _config *****************
 Defined at:
		line 99 in file "main.c"
 Parameters:    Size  Location     Type
		None
 Auto vars:     Size  Location     Type
		None
 Return value:  Size  Location     Type
                  1    wreg      void 
 Registers used:
		wreg, status,2, status,0, pclath, cstack
 Tracked objects:
		On entry : 
		On exit  : 
		Unchanged: 
 Data sizes:     COMMON   BANK0   BANK1   BANK3   BANK2
      Params:         0       0       0       0       0
      Locals:         0       0       0       0       0
      Temps:          0       0       0       0       0
      Totals:         0       0       0       0       0
Total ram usage:        0 bytes
 Hardware stack levels used:    1
 Hardware stack levels required when called:    3
 This function calls:
		_MasterInit_I2C
 This function is called by:
		_main
 This function uses a non-reentrant model


 *************** function _MasterInit_I2C *****************
 Defined at:
		line 13 in file "I2C.c"
 Parameters:    Size  Location     Type
  frec            4    6[BANK0 ] unsigned long 
 Auto vars:     Size  Location     Type
		None
 Return value:  Size  Location     Type
                  1    wreg      void 
 Registers used:
		wreg, status,2, status,0, pclath, cstack
 Tracked objects:
		On entry : 
		On exit  : 
		Unchanged: 
 Data sizes:     COMMON   BANK0   BANK1   BANK3   BANK2
      Params:         0       4       0       0       0
      Locals:         0       0       0       0       0
      Temps:          0       4       0       0       0
      Totals:         0       8       0       0       0
Total ram usage:        8 bytes
 Hardware stack levels used:    1
 Hardware stack levels required when called:    2
 This function calls:
		___lldiv
 This function is called by:
		_config
 This function uses a non-reentrant model


 *************** function ___lldiv *****************
 Defined at:
		line 5 in file "C:\Program Files\Microchip\xc8\v2.31\pic\sources\c90\common\__lldiv.c"
 Parameters:    Size  Location     Type
  divisor         4    2[COMMON] unsigned long 
  dividend        4    6[COMMON] unsigned long 
 Auto vars:     Size  Location     Type
  quotient        4    1[BANK0 ] unsigned long 
  counter         1    5[BANK0 ] unsigned char 
 Return value:  Size  Location     Type
                  4    2[COMMON] unsigned long 
 Registers used:
		wreg, status,2, status,0
 Tracked objects:
		On entry : 
		On exit  : 
		Unchanged: 
 Data sizes:     COMMON   BANK0   BANK1   BANK3   BANK2
      Params:         8       0       0       0       0
      Locals:         0       5       0       0       0
      Temps:          0       1       0       0       0
      Totals:         8       6       0       0       0
Total ram usage:       14 bytes
 Hardware stack levels used:    1
 Hardware stack levels required when called:    1
 This function calls:
		Nothing
 This function is called by:
		_MasterInit_I2C
 This function uses a non-reentrant model


 *************** function _MasterStop_I2C *****************
 Defined at:
		line 34 in file "I2C.c"
 Parameters:    Size  Location     Type
		None
 Auto vars:     Size  Location     Type
		None
 Return value:  Size  Location     Type
                  1    wreg      void 
 Registers used:
		wreg, status,2, status,0, pclath, cstack
 Tracked objects:
		On entry : 
		On exit  : 
		Unchanged: 
 Data sizes:     COMMON   BANK0   BANK1   BANK3   BANK2
      Params:         0       0       0       0       0
      Locals:         0       0       0       0       0
      Temps:          0       0       0       0       0
      Totals:         0       0       0       0       0
Total ram usage:        0 bytes
 Hardware stack levels used:    1
 Hardware stack levels required when called:    2
 This function calls:
		_waitCondition
 This function is called by:
		_main
 This function uses a non-reentrant model


 *************** function _MasterStart_I2C *****************
 Defined at:
		line 29 in file "I2C.c"
 Parameters:    Size  Location     Type
		None
 Auto vars:     Size  Location     Type
		None
 Return value:  Size  Location     Type
                  1    wreg      void 
 Registers used:
		wreg, status,2, status,0, pclath, cstack
 Tracked objects:
		On entry : 
		On exit  : 
		Unchanged: 
 Data sizes:     COMMON   BANK0   BANK1   BANK3   BANK2
      Params:         0       0       0       0       0
      Locals:         0       0       0       0       0
      Temps:          0       0       0       0       0
      Totals:         0       0       0       0       0
Total ram usage:        0 bytes
 Hardware stack levels used:    1
 Hardware stack levels required when called:    2
 This function calls:
		_waitCondition
 This function is called by:
		_main
 This function uses a non-reentrant model


 *************** function _MasterSend_I2C *****************
 Defined at:
		line 39 in file "I2C.c"
 Parameters:    Size  Location     Type
  dato            1    wreg     unsigned char 
 Auto vars:     Size  Location     Type
  dato            1    2[COMMON] unsigned char 
 Return value:  Size  Location     Type
                  1    wreg      void 
 Registers used:
		wreg, status,2, status,0, pclath, cstack
 Tracked objects:
		On entry : 
		On exit  : 
		Unchanged: 
 Data sizes:     COMMON   BANK0   BANK1   BANK3   BANK2
      Params:         0       0       0       0       0
      Locals:         1       0       0       0       0
      Temps:          0       0       0       0       0
      Totals:         1       0       0       0       0
Total ram usage:        1 bytes
 Hardware stack levels used:    1
 Hardware stack levels required when called:    2
 This function calls:
		_waitCondition
 This function is called by:
		_main
 This function uses a non-reentrant model


 *************** function _MasterReceive_I2C *****************
 Defined at:
		line 44 in file "I2C.c"
 Parameters:    Size  Location     Type
  valor           1    wreg     PTR unsigned char 
		 -> DatS2(1), DatS1(1), 
 Auto vars:     Size  Location     Type
  valor           1    3[COMMON] PTR unsigned char 
		 -> DatS2(1), DatS1(1), 
 Return value:  Size  Location     Type
                  1    wreg      void 
 Registers used:
		wreg, fsr0l, fsr0h, status,2, status,0, pclath, cstack
 Tracked objects:
		On entry : 
		On exit  : 
		Unchanged: 
 Data sizes:     COMMON   BANK0   BANK1   BANK3   BANK2
      Params:         0       0       0       0       0
      Locals:         1       0       0       0       0
      Temps:          1       0       0       0       0
      Totals:         2       0       0       0       0
Total ram usage:        2 bytes
 Hardware stack levels used:    1
 Hardware stack levels required when called:    2
 This function calls:
		_waitCondition
 This function is called by:
		_main
 This function uses a non-reentrant model


 *************** function _waitCondition *****************
 Defined at:
		line 23 in file "I2C.c"
 Parameters:    Size  Location     Type
		None
 Auto vars:     Size  Location     Type
		None
 Return value:  Size  Location     Type
                  1    wreg      void 
 Registers used:
		wreg, status,2
 Tracked objects:
		On entry : 
		On exit  : 
		Unchanged: 
 Data sizes:     COMMON   BANK0   BANK1   BANK3   BANK2
      Params:         0       0       0       0       0
      Locals:         0       0       0       0       0
      Temps:          0       0       0       0       0
      Totals:         0       0       0       0       0
Total ram usage:        0 bytes
 Hardware stack levels used:    1
 Hardware stack levels required when called:    1
 This function calls:
		Nothing
 This function is called by:
		_MasterStart_I2C
		_MasterStop_I2C
		_MasterSend_I2C
		_MasterReceive_I2C
 This function uses a non-reentrant model


 *************** function _LCDstring *****************
 Defined at:
		line 75 in file "LCDD2.c"
 Parameters:    Size  Location     Type
  mensaje         1    wreg     PTR unsigned char 
		 -> STR_1(16), 
 Auto vars:     Size  Location     Type
  mensaje         1    5[COMMON] PTR unsigned char 
		 -> STR_1(16), 
 Return value:  Size  Location     Type
                  1    wreg      void 
 Registers used:
		wreg, fsr0l, fsr0h, status,2, status,0, pclath, cstack
 Tracked objects:
		On entry : 
		On exit  : 
		Unchanged: 
 Data sizes:     COMMON   BANK0   BANK1   BANK3   BANK2
      Params:         0       0       0       0       0
      Locals:         1       0       0       0       0
      Temps:          1       0       0       0       0
      Totals:         2       0       0       0       0
Total ram usage:        2 bytes
 Hardware stack levels used:    1
 Hardware stack levels required when called:    2
 This function calls:
		_dispCHAR
 This function is called by:
		_main
 This function uses a non-reentrant model


 *************** function _dispCHAR *****************
 Defined at:
		line 40 in file "LCDD2.c"
 Parameters:    Size  Location     Type
  b               1    wreg     unsigned char 
 Auto vars:     Size  Location     Type
  b               1    3[COMMON] unsigned char 
 Return value:  Size  Location     Type
                  1    wreg      void 
 Registers used:
		wreg
 Tracked objects:
		On entry : 
		On exit  : 
		Unchanged: 
 Data sizes:     COMMON   BANK0   BANK1   BANK3   BANK2
      Params:         0       0       0       0       0
      Locals:         1       0       0       0       0
      Temps:          1       0       0       0       0
      Totals:         2       0       0       0       0
Total ram usage:        2 bytes
 Hardware stack levels used:    1
 Hardware stack levels required when called:    1
 This function calls:
		Nothing
 This function is called by:
		_main
		_LCDstring
 This function uses a non-reentrant model


 *************** function _interrupcion *****************
 Defined at:
		line 52 in file "main.c"
 Parameters:    Size  Location     Type
		None
 Auto vars:     Size  Location     Type
		None
 Return value:  Size  Location     Type
                  1    wreg      void 
 Registers used:
		None
 Tracked objects:
		On entry : 
		On exit  : 
		Unchanged: 
 Data sizes:     COMMON   BANK0   BANK1   BANK3   BANK2
      Params:         0       0       0       0       0
      Locals:         0       0       0       0       0
      Temps:          2       0       0       0       0
      Totals:         2       0       0       0       0
Total ram usage:        2 bytes
 Hardware stack levels used:    1
 This function calls:
		Nothing
 This function is called by:
		Interrupt level 1
 This function uses a non-reentrant model



MODULE INFORMATION

Module		Function		Class		Link	Load	Size
C:\Program Files\Microchip\xc8\v2.31\pic\sources\c90\common\sprcmul.c
		___flmul       		CODE           	0021	0000	865

C:\Program Files\Microchip\xc8\v2.31\pic\sources\c90\common\sprcmul.c estimated size: 865

C:\Program Files\Microchip\xc8\v2.31\pic\sources\c90\common\__lldiv.c
		___lldiv       		CODE           	0D9A	0000	104

C:\Program Files\Microchip\xc8\v2.31\pic\sources\c90\common\__lldiv.c estimated size: 104

C:\Program Files\Microchip\xc8\v2.31\pic\sources\c90\common\Umul8_16.c
		__Umul8_16     		CODE           	07D5	0000	41

C:\Program Files\Microchip\xc8\v2.31\pic\sources\c90\common\Umul8_16.c estimated size: 41

LCDD2.c
		_cursorLCD     		CODE           	0C37	0000	35
		_comandoLCD    		CODE           	0BCF	0000	20
		_LCDstring     		CODE           	0BF8	0000	31
		_initLCD       		CODE           	0D50	0000	74
		_dispCHAR      		CODE           	0BBF	0000	16

LCDD2.c estimated size: 176

I2C.c
		_MasterReceive_I2C		CODE           	0C17	0000	32
		_waitCondition 		CODE           	0BB2	0000	13
		_MasterSend_I2C		CODE           	0BA7	0000	11
		_MasterStop_I2C		CODE           	0B9E	0000	9
		_MasterInit_I2C		CODE           	0CCF	0000	57
		_MasterStart_I2C		CODE           	0B95	0000	9

I2C.c estimated size: 131

C:\Program Files\Microchip\xc8\v2.31\pic\sources\c90\common\sprcadd.c
		___flsub       		CODE           	0C5A	0000	36
		___fladd       		CODE           	0382	0000	648

C:\Program Files\Microchip\xc8\v2.31\pic\sources\c90\common\sprcadd.c estimated size: 684

C:\Program Files\Microchip\xc8\v2.31\pic\sources\c90\common\awdiv.c
		___awdiv       		CODE           	0E02	0000	105

C:\Program Files\Microchip\xc8\v2.31\pic\sources\c90\common\awdiv.c estimated size: 105

shared
		__stringtab    		STRING         	0800	0000	6
		__initialization		CODE           	000F	0000	14

shared estimated size: 20

C:\Program Files\Microchip\xc8\v2.31\pic\sources\c90\common\fltol.c
		___fltol       		CODE           	0E6B	0000	124

C:\Program Files\Microchip\xc8\v2.31\pic\sources\c90\common\fltol.c estimated size: 124

C:\Program Files\Microchip\xc8\v2.31\pic\sources\c90\common\xxtofl.c
		___xxtofl      		CODE           	0719	0000	188

C:\Program Files\Microchip\xc8\v2.31\pic\sources\c90\common\xxtofl.c estimated size: 188

C:\Program Files\Microchip\xc8\v2.31\pic\sources\c90\common\Umul8.c
		___bmul        		CODE           	0BE3	0000	21

C:\Program Files\Microchip\xc8\v2.31\pic\sources\c90\common\Umul8.c estimated size: 21

main.c
		_floTochar     		CODE           	0F64	0000	156
		_main          		CODE           	060A	0000	271
		_divisiondecimal		CODE           	0EE7	0000	125
		_hexTochar     		CODE           	0CA3	0000	44
		_config        		CODE           	0C7E	0000	37
		_interrupcion  		CODE           	0B8E	0000	7
		_division      		CODE           	0D08	0000	72

main.c estimated size: 712

