******************************************************************************
                  TI ARM Linker PC v20.2.5                     
******************************************************************************
>> Linked Sat Oct 30 16:51:07 2021

OUTPUT FILE NAME:   <Lab9D2.out>
ENTRY POINT SYMBOL: "_c_int00_noargs"  address: 0000085d


MEMORY CONFIGURATION

         name            origin    length      used     unused   attr    fill
----------------------  --------  ---------  --------  --------  ----  --------
  FLASH                 00000000   00040000  00000a50  0003f5b0  R  X
  SRAM                  20000000   00008000  00000206  00007dfa  RW X


SEGMENT ALLOCATION MAP

run origin  load origin   length   init length attrs members
----------  ----------- ---------- ----------- ----- -------
00000000    00000000    00000a54   00000a54    r-x
  00000000    00000000    0000026c   0000026c    r-- .intvecs
  0000026c    0000026c    000006f4   000006f4    r-x .text
  00000960    00000960    000000dc   000000dc    r-- .const
  00000a40    00000a40    00000014   00000014    r-- .cinit
20000000    20000000    00000206   00000000    rw-
  20000000    20000000    00000200   00000000    rw- .stack
  20000200    20000200    00000006   00000000    rw- .bss


SECTION ALLOCATION MAP

 output                                  attributes/
section   page    origin      length       input sections
--------  ----  ----------  ----------   ----------------
.intvecs   0    00000000    0000026c     
                  00000000    0000026c     tm4c123gh6pm_startup_ccs.obj (.intvecs)

.text      0    0000026c    000006f4     
                  0000026c    00000178     main.obj (.text)
                  000003e4    00000132     driverlib.lib : gpio.obj (.text:GPIOPadConfigSet)
                  00000516    00000002     --HOLE-- [fill = 0]
                  00000518    00000110                   : sysctl.obj (.text:SysCtlClockGet)
                  00000628    000000f4                   : sysctl.obj (.text:SysCtlClockSet)
                  0000071c    00000068                   : interrupt.obj (.text:IntEnable)
                  00000784    00000060                   : timer.obj (.text:TimerConfigure)
                  000007e4    00000044     rtsv7M4_T_le_v4SPD16_eabi.lib : autoinit.c.obj (.text:__TI_auto_init_nobinit_nopinit:__TI_auto_init_nobinit_nopinit)
                  00000828    00000034     driverlib.lib : sysctl.obj (.text:SysCtlPeripheralEnable)
                  0000085c    00000034     rtsv7M4_T_le_v4SPD16_eabi.lib : boot_cortex_m.c.obj (.text:_c_int00_noargs:_c_int00_noargs)
                  00000890    0000002a     driverlib.lib : gpio.obj (.text:GPIODirModeSet)
                  000008ba    0000001c     rtsv7M4_T_le_v4SPD16_eabi.lib : copy_zero_init.c.obj (.text:decompress:ZI:__TI_zero_init_nomemset:__TI_zero_init_nomemset)
                  000008d6    00000018     driverlib.lib : gpio.obj (.text:GPIOPinTypeGPIOOutput)
                  000008ee    00000012                   : gpio.obj (.text:GPIOPinTypeGPIOInput)
                  00000900    00000012                   : timer.obj (.text:TimerLoadSet)
                  00000912    00000010                   : interrupt.obj (.text:IntMasterEnable)
                  00000922    0000000c                   : cpu.obj (.text:CPUcpsie)
                  0000092e    0000000c     tm4c123gh6pm_startup_ccs.obj (.text)
                  0000093a    00000008     driverlib.lib : timer.obj (.text:TimerIntEnable)
                  00000942    00000006                   : gpio.obj (.text:GPIOPinRead)
                  00000948    00000006                   : gpio.obj (.text:GPIOPinWrite)
                  0000094e    00000006                   : sysctl.obj (.text:SysCtlDelay)
                  00000954    00000004                   : timer.obj (.text:TimerIntClear)
                  00000958    00000004     rtsv7M4_T_le_v4SPD16_eabi.lib : pre_init.c.obj (.text:_system_pre_init)
                  0000095c    00000004                                   : exit.c.obj (.text:abort:abort)

.const     0    00000960    000000dc     
                  00000960    00000070     driverlib.lib : interrupt.obj (.const)
                  000009d0    0000006c                   : sysctl.obj (.const:g_pui32Xtals)

.cinit     0    00000a40    00000014     
                  00000a40    00000008     (.cinit..bss.load) [load image, compression = zero_init]
                  00000a48    00000004     (__TI_handler_table)
                  00000a4c    00000008     (__TI_cinit_table)

.init_array 
*          0    00000000    00000000     UNINITIALIZED

.bss       0    20000200    00000006     UNINITIALIZED
                  20000200    00000004     (.common:valTimer)
                  20000204    00000001     (.common:deb1)
                  20000205    00000001     (.common:i)

.stack     0    20000000    00000200     UNINITIALIZED
                  20000000    00000004     rtsv7M4_T_le_v4SPD16_eabi.lib : boot_cortex_m.c.obj (.stack)
                  20000004    000001fc     --HOLE--

__llvm_prf_cnts 
*          0    20000000    00000000     UNINITIALIZED

MODULE SUMMARY

       Module                         code   ro data   rw data
       ------                         ----   -------   -------
    .\
       tm4c123gh6pm_startup_ccs.obj   12     620       0      
       main.obj                       376    0         6      
    +--+------------------------------+------+---------+---------+
       Total:                         388    620       6      
                                                              
    C:/ti/TivaWare_C_Series-2.1.4.178/driverlib/ccs/Debug/driverlib.lib
       sysctl.obj                     574    108       0      
       gpio.obj                       402    0         0      
       interrupt.obj                  120    112       0      
       timer.obj                      126    0         0      
       cpu.obj                        12     0         0      
    +--+------------------------------+------+---------+---------+
       Total:                         1234   220       0      
                                                              
    C:\ti\ccs1100\ccs\tools\compiler\ti-cgt-arm_20.2.5.LTS\lib\rtsv7M4_T_le_v4SPD16_eabi.lib
       autoinit.c.obj                 68     0         0      
       boot_cortex_m.c.obj            52     0         0      
       copy_zero_init.c.obj           28     0         0      
       exit.c.obj                     4      0         0      
       pre_init.c.obj                 4      0         0      
    +--+------------------------------+------+---------+---------+
       Total:                         156    0         0      
                                                              
       Stack:                         0      0         512    
       Linker Generated:              0      20        0      
    +--+------------------------------+------+---------+---------+
       Grand Total:                   1778   860       518    


LINKER GENERATED COPY TABLES

__TI_cinit_table @ 00000a4c records: 1, size/record: 8, table size: 8
	.bss: load addr=00000a40, load size=00000008 bytes, run addr=20000200, run size=00000006 bytes, compression=zero_init


LINKER GENERATED HANDLER TABLE

__TI_handler_table @ 00000a48 records: 1, size/record: 4, table size: 4
	index: 0, handler: __TI_zero_init


GLOBAL SYMBOLS: SORTED ALPHABETICALLY BY Name 

address   name                          
-------   ----                          
0000095d  C$$EXIT                       
00000923  CPUcpsie                      
00000891  GPIODirModeSet                
000003e5  GPIOPadConfigSet              
00000943  GPIOPinRead                   
000008ef  GPIOPinTypeGPIOInput          
000008d7  GPIOPinTypeGPIOOutput         
00000949  GPIOPinWrite                  
0000071d  IntEnable                     
00000913  IntMasterEnable               
0000092f  ResetISR                      
00000519  SysCtlClockGet                
00000629  SysCtlClockSet                
0000094f  SysCtlDelay                   
00000829  SysCtlPeripheralEnable        
00000397  Timer0Int                     
00000785  TimerConfigure                
00000955  TimerIntClear                 
0000093b  TimerIntEnable                
00000901  TimerLoadSet                  
20000200  __STACK_END                   
00000200  __STACK_SIZE                  
20000200  __STACK_TOP                   
00000a4c  __TI_CINIT_Base               
00000a54  __TI_CINIT_Limit              
00000a48  __TI_Handler_Table_Base       
00000a4c  __TI_Handler_Table_Limit      
000007e5  __TI_auto_init_nobinit_nopinit
ffffffff  __TI_pprof_out_hndl           
ffffffff  __TI_prof_data_size           
ffffffff  __TI_prof_data_start          
00000000  __TI_static_base__            
000008bb  __TI_zero_init_nomemset       
ffffffff  __binit__                     
ffffffff  __c_args__                    
UNDEFED   __mpu_init                    
20000000  __stack                       
20000000  __start___llvm_prf_cnts       
20000000  __stop___llvm_prf_cnts        
0000085d  _c_int00_noargs               
UNDEFED   _system_post_cinit            
00000959  _system_pre_init              
0000095d  abort                         
ffffffff  binit                         
00000319  combinacionColores            
20000204  deb1                          
000002ff  delayMs                       
00000000  g_pfnVectors                  
20000205  i                             
0000026d  main                          
20000200  valTimer                      


GLOBAL SYMBOLS: SORTED BY Symbol Address 

address   name                          
-------   ----                          
00000000  __TI_static_base__            
00000000  g_pfnVectors                  
00000200  __STACK_SIZE                  
0000026d  main                          
000002ff  delayMs                       
00000319  combinacionColores            
00000397  Timer0Int                     
000003e5  GPIOPadConfigSet              
00000519  SysCtlClockGet                
00000629  SysCtlClockSet                
0000071d  IntEnable                     
00000785  TimerConfigure                
000007e5  __TI_auto_init_nobinit_nopinit
00000829  SysCtlPeripheralEnable        
0000085d  _c_int00_noargs               
00000891  GPIODirModeSet                
000008bb  __TI_zero_init_nomemset       
000008d7  GPIOPinTypeGPIOOutput         
000008ef  GPIOPinTypeGPIOInput          
00000901  TimerLoadSet                  
00000913  IntMasterEnable               
00000923  CPUcpsie                      
0000092f  ResetISR                      
0000093b  TimerIntEnable                
00000943  GPIOPinRead                   
00000949  GPIOPinWrite                  
0000094f  SysCtlDelay                   
00000955  TimerIntClear                 
00000959  _system_pre_init              
0000095d  C$$EXIT                       
0000095d  abort                         
00000a48  __TI_Handler_Table_Base       
00000a4c  __TI_CINIT_Base               
00000a4c  __TI_Handler_Table_Limit      
00000a54  __TI_CINIT_Limit              
20000000  __stack                       
20000000  __start___llvm_prf_cnts       
20000000  __stop___llvm_prf_cnts        
20000200  __STACK_END                   
20000200  __STACK_TOP                   
20000200  valTimer                      
20000204  deb1                          
20000205  i                             
ffffffff  __TI_pprof_out_hndl           
ffffffff  __TI_prof_data_size           
ffffffff  __TI_prof_data_start          
ffffffff  __binit__                     
ffffffff  __c_args__                    
ffffffff  binit                         
UNDEFED   __mpu_init                    
UNDEFED   _system_post_cinit            

[51 symbols]
