******************************************************************************
                  TI ARM Linker PC v20.2.5                     
******************************************************************************
>> Linked Sat Oct 30 15:49:19 2021

OUTPUT FILE NAME:   <Lab9D2.out>
ENTRY POINT SYMBOL: "_c_int00_noargs"  address: 00000831


MEMORY CONFIGURATION

         name            origin    length      used     unused   attr    fill
----------------------  --------  ---------  --------  --------  ----  --------
  FLASH                 00000000   00040000  00000a2e  0003f5d2  R  X
  SRAM                  20000000   00008000  00000206  00007dfa  RW X


SEGMENT ALLOCATION MAP

run origin  load origin   length   init length attrs members
----------  ----------- ---------- ----------- ----- -------
00000000    00000000    00000a34   00000a34    r-x
  00000000    00000000    0000026c   0000026c    r-- .intvecs
  0000026c    0000026c    000006d2   000006d2    r-x .text
  00000940    00000940    000000dc   000000dc    r-- .const
  00000a20    00000a20    00000014   00000014    r-- .cinit
20000000    20000000    00000206   00000000    rw-
  20000000    20000000    00000200   00000000    rw- .stack
  20000200    20000200    00000006   00000000    rw- .bss


SECTION ALLOCATION MAP

 output                                  attributes/
section   page    origin      length       input sections
--------  ----  ----------  ----------   ----------------
.intvecs   0    00000000    0000026c     
                  00000000    0000026c     tm4c123gh6pm_startup_ccs.obj (.intvecs)

.text      0    0000026c    000006d2     
                  0000026c    0000014c     main.obj (.text)
                  000003b8    00000132     driverlib.lib : gpio.obj (.text:GPIOPadConfigSet)
                  000004ea    00000002     --HOLE-- [fill = 0]
                  000004ec    00000110                   : sysctl.obj (.text:SysCtlClockGet)
                  000005fc    000000f4                   : sysctl.obj (.text:SysCtlClockSet)
                  000006f0    00000068                   : interrupt.obj (.text:IntEnable)
                  00000758    00000060                   : timer.obj (.text:TimerConfigure)
                  000007b8    00000044     rtsv7M4_T_le_v4SPD16_eabi.lib : autoinit.c.obj (.text:__TI_auto_init_nobinit_nopinit:__TI_auto_init_nobinit_nopinit)
                  000007fc    00000034     driverlib.lib : sysctl.obj (.text:SysCtlPeripheralEnable)
                  00000830    00000034     rtsv7M4_T_le_v4SPD16_eabi.lib : boot_cortex_m.c.obj (.text:_c_int00_noargs:_c_int00_noargs)
                  00000864    0000002a     driverlib.lib : gpio.obj (.text:GPIODirModeSet)
                  0000088e    0000001c     rtsv7M4_T_le_v4SPD16_eabi.lib : copy_zero_init.c.obj (.text:decompress:ZI:__TI_zero_init_nomemset:__TI_zero_init_nomemset)
                  000008aa    00000018     driverlib.lib : gpio.obj (.text:GPIOPinTypeGPIOOutput)
                  000008c2    00000012                   : gpio.obj (.text:GPIOPinTypeGPIOInput)
                  000008d4    00000012                   : timer.obj (.text:TimerLoadSet)
                  000008e6    00000010                   : interrupt.obj (.text:IntMasterEnable)
                  000008f6    0000000e                   : timer.obj (.text:TimerEnable)
                  00000904    0000000c                   : cpu.obj (.text:CPUcpsie)
                  00000910    0000000c     tm4c123gh6pm_startup_ccs.obj (.text)
                  0000091c    00000008     driverlib.lib : timer.obj (.text:TimerIntEnable)
                  00000924    00000006                   : gpio.obj (.text:GPIOPinRead)
                  0000092a    00000006                   : gpio.obj (.text:GPIOPinWrite)
                  00000930    00000006                   : sysctl.obj (.text:SysCtlDelay)
                  00000936    00000004     rtsv7M4_T_le_v4SPD16_eabi.lib : pre_init.c.obj (.text:_system_pre_init)
                  0000093a    00000004                                   : exit.c.obj (.text:abort:abort)

.const     0    00000940    000000dc     
                  00000940    00000070     driverlib.lib : interrupt.obj (.const)
                  000009b0    0000006c                   : sysctl.obj (.const:g_pui32Xtals)

.cinit     0    00000a20    00000014     
                  00000a20    00000008     (.cinit..bss.load) [load image, compression = zero_init]
                  00000a28    00000004     (__TI_handler_table)
                  00000a2c    00000008     (__TI_cinit_table)

.init_array 
*          0    00000000    00000000     UNINITIALIZED

.bss       0    20000200    00000006     UNINITIALIZED
                  20000200    00000004     (.common:valTimer)
                  20000204    00000001     (.common:deb1)
                  20000205    00000001     (.common:i)

.stack     0    20000000    00000200     UNINITIALIZED
                  20000000    00000004     rtsv7M4_T_le_v4SPD16_eabi.lib : boot_cortex_m.c.obj (.stack)
                  20000004    000001fc     --HOLE--

__llvm_prf_cnts 
*          0    20000000    00000000     UNINITIALIZED

MODULE SUMMARY

       Module                         code   ro data   rw data
       ------                         ----   -------   -------
    .\
       tm4c123gh6pm_startup_ccs.obj   12     620       0      
       main.obj                       332    0         6      
    +--+------------------------------+------+---------+---------+
       Total:                         344    620       6      
                                                              
    C:/ti/TivaWare_C_Series-2.1.4.178/driverlib/ccs/Debug/driverlib.lib
       sysctl.obj                     574    108       0      
       gpio.obj                       402    0         0      
       interrupt.obj                  120    112       0      
       timer.obj                      136    0         0      
       cpu.obj                        12     0         0      
    +--+------------------------------+------+---------+---------+
       Total:                         1244   220       0      
                                                              
    C:\ti\ccs1100\ccs\tools\compiler\ti-cgt-arm_20.2.5.LTS\lib\rtsv7M4_T_le_v4SPD16_eabi.lib
       autoinit.c.obj                 68     0         0      
       boot_cortex_m.c.obj            52     0         0      
       copy_zero_init.c.obj           28     0         0      
       exit.c.obj                     4      0         0      
       pre_init.c.obj                 4      0         0      
    +--+------------------------------+------+---------+---------+
       Total:                         156    0         0      
                                                              
       Stack:                         0      0         512    
       Linker Generated:              0      20        0      
    +--+------------------------------+------+---------+---------+
       Grand Total:                   1744   860       518    


LINKER GENERATED COPY TABLES

__TI_cinit_table @ 00000a2c records: 1, size/record: 8, table size: 8
	.bss: load addr=00000a20, load size=00000008 bytes, run addr=20000200, run size=00000006 bytes, compression=zero_init


LINKER GENERATED HANDLER TABLE

__TI_handler_table @ 00000a28 records: 1, size/record: 4, table size: 4
	index: 0, handler: __TI_zero_init


GLOBAL SYMBOLS: SORTED ALPHABETICALLY BY Name 

address   name                          
-------   ----                          
0000093b  C$$EXIT                       
00000905  CPUcpsie                      
00000865  GPIODirModeSet                
000003b9  GPIOPadConfigSet              
00000925  GPIOPinRead                   
000008c3  GPIOPinTypeGPIOInput          
000008ab  GPIOPinTypeGPIOOutput         
0000092b  GPIOPinWrite                  
000006f1  IntEnable                     
000008e7  IntMasterEnable               
00000911  ResetISR                      
000004ed  SysCtlClockGet                
000005fd  SysCtlClockSet                
00000931  SysCtlDelay                   
000007fd  SysCtlPeripheralEnable        
00000759  TimerConfigure                
000008f7  TimerEnable                   
0000091d  TimerIntEnable                
000008d5  TimerLoadSet                  
20000200  __STACK_END                   
00000200  __STACK_SIZE                  
20000200  __STACK_TOP                   
00000a2c  __TI_CINIT_Base               
00000a34  __TI_CINIT_Limit              
00000a28  __TI_Handler_Table_Base       
00000a2c  __TI_Handler_Table_Limit      
000007b9  __TI_auto_init_nobinit_nopinit
ffffffff  __TI_pprof_out_hndl           
ffffffff  __TI_prof_data_size           
ffffffff  __TI_prof_data_start          
00000000  __TI_static_base__            
0000088f  __TI_zero_init_nomemset       
ffffffff  __binit__                     
ffffffff  __c_args__                    
UNDEFED   __mpu_init                    
20000000  __stack                       
20000000  __start___llvm_prf_cnts       
20000000  __stop___llvm_prf_cnts        
00000831  _c_int00_noargs               
UNDEFED   _system_post_cinit            
00000937  _system_pre_init              
0000093b  abort                         
ffffffff  binit                         
0000031b  combinacionColores            
20000204  deb1                          
00000301  delayMs                       
00000000  g_pfnVectors                  
20000205  i                             
0000026d  main                          
20000200  valTimer                      


GLOBAL SYMBOLS: SORTED BY Symbol Address 

address   name                          
-------   ----                          
00000000  __TI_static_base__            
00000000  g_pfnVectors                  
00000200  __STACK_SIZE                  
0000026d  main                          
00000301  delayMs                       
0000031b  combinacionColores            
000003b9  GPIOPadConfigSet              
000004ed  SysCtlClockGet                
000005fd  SysCtlClockSet                
000006f1  IntEnable                     
00000759  TimerConfigure                
000007b9  __TI_auto_init_nobinit_nopinit
000007fd  SysCtlPeripheralEnable        
00000831  _c_int00_noargs               
00000865  GPIODirModeSet                
0000088f  __TI_zero_init_nomemset       
000008ab  GPIOPinTypeGPIOOutput         
000008c3  GPIOPinTypeGPIOInput          
000008d5  TimerLoadSet                  
000008e7  IntMasterEnable               
000008f7  TimerEnable                   
00000905  CPUcpsie                      
00000911  ResetISR                      
0000091d  TimerIntEnable                
00000925  GPIOPinRead                   
0000092b  GPIOPinWrite                  
00000931  SysCtlDelay                   
00000937  _system_pre_init              
0000093b  C$$EXIT                       
0000093b  abort                         
00000a28  __TI_Handler_Table_Base       
00000a2c  __TI_CINIT_Base               
00000a2c  __TI_Handler_Table_Limit      
00000a34  __TI_CINIT_Limit              
20000000  __stack                       
20000000  __start___llvm_prf_cnts       
20000000  __stop___llvm_prf_cnts        
20000200  __STACK_END                   
20000200  __STACK_TOP                   
20000200  valTimer                      
20000204  deb1                          
20000205  i                             
ffffffff  __TI_pprof_out_hndl           
ffffffff  __TI_prof_data_size           
ffffffff  __TI_prof_data_start          
ffffffff  __binit__                     
ffffffff  __c_args__                    
ffffffff  binit                         
UNDEFED   __mpu_init                    
UNDEFED   _system_post_cinit            

[50 symbols]
