Microchip MPLAB XC8 Compiler V2.31

Linker command line:

-W-3 --edf=C:\Program Files\Microchip\xc8\v2.31\pic\dat\en_msgs.txt -cn \
  -h+dist/default/production\Lab2D2.X.production.sym \
  --cmf=dist/default/production\Lab2D2.X.production.cmf -z -Q16F887 \
  -oC:\Users\jalva\AppData\Local\Temp\sgjs.2 --defsym=__MPLAB_BUILD=1 \
  -Mdist/default/production/Lab2D2.X.production.map -E1 -ver=XC8 Compiler \
  --acfsm=1493 -ASTACK=0110h-016Fh -pstack=STACK -ACODE=00h-07FFhx4 \
  -ASTRCODE=00h-01FFFh -ASTRING=00h-0FFhx32 -ACONST=00h-0FFhx32 \
  -AENTRY=00h-0FFhx32 -ACOMMON=070h-07Fh -ABANK0=020h-06Fh \
  -ABANK1=0A0h-0EFh -ABANK2=0110h-016Fh -ABANK3=0190h-01EFh \
  -ARAM=020h-06Fh,0A0h-0EFh,0110h-016Fh,0190h-01EFh \
  -AABS1=020h-07Fh,0A0h-0EFh,0110h-016Fh,0190h-01EFh -ASFR0=00h-01Fh \
  -ASFR1=080h-09Fh -ASFR2=0100h-010Fh -ASFR3=0180h-018Fh \
  -ACONFIG=02007h-02008h -DCONFIG=2 -AIDLOC=02000h-02003h -DIDLOC=2 \
  -AEEDATA=00h-0FFh/02100h -peeprom_data=EEDATA -DEEDATA=2 -DCODE=2 \
  -DSTRCODE=2 -DSTRING=2 -DCONST=2 -DENTRY=2 \
  -preset_vec=00h,intentry=04h,init,end_init -ppowerup=CODE -pcinit=CODE \
  -pfunctab=ENTRY -k C:\Users\jalva\AppData\Local\Temp\sgjs.o \
  dist/default/production\Lab2D2.X.production.o 

Object code version is 3.11

Machine type is 16F887



                Name                               Link     Load   Length Selector   Space Scale
C:\Users\jalva\AppData\Local\Temp\sgjs.o
                end_init                              C        C        3        8       0
                reset_vec                             0        0        3        0       0
                config                             2007     2007        2        0       4
dist/default/production\Lab2D2.X.production.o
                cinit                                 F        F       15        8       0
                intentry                              4        4        8        8       0
                config                             2007     2007        2        0       4
                text24                              E37      E37       4D     1C6E       0
                text23                              C8F      C8F       29     191E       0
                text22                               24       24      361        8       0
                text21                              615      615       BC        8       0
                text20                              D1F      D1F       41     1A3E       0
                text19                              C00      C00       14     1800       0
                text18                              7F7      7F7        7        8       0
                text17                              D60      D60       45     1AC0       0
                text16                              BEE      BEE       12     17DC       0
                text15                              CE9      CE9       36     19D2       0
                text14                              C48      C48       23     1890       0
                text13                              BDE      BDE       10     17BC       0
                text12                              DED      DED       4A     1BDA       0
                text11                              385      385      290        8       0
                text10                              C6B      C6B       24     18D6       0
                text9                               EED      EED       7C     1DDA       0
                text8                               E84      E84       69     1D08       0
                text7                               C14      C14       15     1828       0
                text6                               DA5      DA5       48     1B4A       0
                text5                               BD2      BD2        C     17A4       0
                text4                               C29      C29       1F     1852       0
                text3                               6D1      6D1       A9        8       0
                text2                               77A      77A       7D        8       0
                text1                               CB8      CB8       31     1970       0
                maintext                            F69      F69       97     1ED2       0
                cstackBANK0                          20       20       3F       20       1
                cstackCOMMON                         70       70        A       70       1
                bssBANK0                             5F       5F        E       20       1
                bssCOMMON                            7A       7A        1       70       1
                strings                             800      800       26     1000       0

TOTAL           Name                               Link     Load   Length     Space
        CLASS   STACK          

        CLASS   CODE           
                end_init                              C        C        3         0
                cinit                                 F        F       15         0
                intentry                              4        4        8         0
                reset_vec                             0        0        3         0
                text24                              E37      E37       4D         0
                text23                              C8F      C8F       29         0
                text22                               24       24      361         0
                text21                              615      615       BC         0
                text20                              D1F      D1F       41         0
                text19                              C00      C00       14         0
                text18                              7F7      7F7        7         0
                text17                              D60      D60       45         0
                text16                              BEE      BEE       12         0
                text15                              CE9      CE9       36         0
                text14                              C48      C48       23         0
                text13                              BDE      BDE       10         0
                text12                              DED      DED       4A         0
                text11                              385      385      290         0
                text10                              C6B      C6B       24         0
                text9                               EED      EED       7C         0
                text8                               E84      E84       69         0
                text7                               C14      C14       15         0
                text6                               DA5      DA5       48         0
                text5                               BD2      BD2        C         0
                text4                               C29      C29       1F         0
                text3                               6D1      6D1       A9         0
                text2                               77A      77A       7D         0
                text1                               CB8      CB8       31         0
                maintext                            F69      F69       97         0

        CLASS   STRCODE        

        CLASS   STRING         
                strings                             800      800       26         0

        CLASS   CONST          

        CLASS   ENTRY          

        CLASS   COMMON         
                cstackCOMMON                         70       70        A         1
                bssCOMMON                            7A       7A        1         1

        CLASS   BANK0          
                cstackBANK0                          20       20       3F         1
                bssBANK0                             5F       5F        E         1

        CLASS   BANK1          

        CLASS   BANK2          

        CLASS   BANK3          

        CLASS   RAM            

        CLASS   ABS1           
                abs_s1                               7E       7E        2         1

        CLASS   SFR0           

        CLASS   SFR1           

        CLASS   SFR2           

        CLASS   SFR3           

        CLASS   CONFIG         
                config                             2007     2007        2         4

        CLASS   IDLOC          

        CLASS   EEDATA         



SEGMENTS        Name                           Load    Length   Top    Selector   Space  Class     Delta

                reset_vec                      000000  000003  000003         0       0  CODE        2
                intentry                       000004  0007FA  0007FE         8       0  CODE        2
                cstackBANK0                    000020  00004D  00006D        20       1  BANK0       1
                cstackCOMMON                   000070  00000B  00007B        70       1  COMMON      1
                strings                        000800  000026  000826      1000       0  STRING      2
                text5                          000BD2  00000C  000BDE      17A4       0  CODE        2
                text13                         000BDE  000010  000BEE      17BC       0  CODE        2
                text16                         000BEE  000012  000C00      17DC       0  CODE        2
                text19                         000C00  000014  000C14      1800       0  CODE        2
                text7                          000C14  000015  000C29      1828       0  CODE        2
                text4                          000C29  00001F  000C48      1852       0  CODE        2
                text14                         000C48  000023  000C6B      1890       0  CODE        2
                text10                         000C6B  000024  000C8F      18D6       0  CODE        2
                text23                         000C8F  000029  000CB8      191E       0  CODE        2
                text1                          000CB8  000031  000CE9      1970       0  CODE        2
                text15                         000CE9  000036  000D1F      19D2       0  CODE        2
                text20                         000D1F  000041  000D60      1A3E       0  CODE        2
                text17                         000D60  000045  000DA5      1AC0       0  CODE        2
                text6                          000DA5  000048  000DED      1B4A       0  CODE        2
                text12                         000DED  00004A  000E37      1BDA       0  CODE        2
                text24                         000E37  00004D  000E84      1C6E       0  CODE        2
                text8                          000E84  000069  000EED      1D08       0  CODE        2
                text9                          000EED  00007C  000F69      1DDA       0  CODE        2
                maintext                       000F69  000097  001000      1ED2       0  CODE        2


UNUSED ADDRESS RANGES

        Name                Unused          Largest block    Delta
        BANK0            006D-006F              3           1
        BANK1            00A0-00EF             50           1
        BANK2            0110-016F             60           1
        BANK3            0190-01EF             60           1
        CODE             0003-0003              1           2
                         07FE-07FF              2
                         0826-0BD1            3AC
                         1000-1FFF            800
        COMMON           007B-007D              3           1
        CONST            0003-0003              1           2
                         07FE-07FF              2
                         0826-0BD1            100
                         1000-1FFF            100
        EEDATA           2100-21FF            100           2
        ENTRY            0003-0003              1           2
                         07FE-07FF              2
                         0826-0BD1            100
                         1000-1FFF            100
        IDLOC            2000-2003              4           2
        RAM              006D-006F              3           1
                         00A0-00EF             50
                         0110-016F             60
                         0190-01EF             60
        SFR0             0000-001F             20           1
        SFR1             0080-009F             20           1
        SFR2             0100-010F             10           1
        SFR3             0180-018F             10           1
        STACK            0110-016F             60           1
        STRCODE          0003-0003              1           2
                         07FE-07FF              2
                         0826-0BD1            3AC
                         1000-1FFF           1000
        STRING           0003-0003              1           2
                         07FE-07FF              2
                         0826-0BD1            100
                         1000-1FFF            100

                                  Symbol Table

?__Umul8_16               cstackCOMMON 0073
?___awdiv                 cstackCOMMON 0073
?___fladd                 cstackBANK0  0020
?___flmul                 cstackBANK0  002A
?___flsub                 cstackBANK0  0030
?___fltol                 cstackBANK0  0044
?___xxtofl                cstackCOMMON 0073
ADCconfig@canal           cstackCOMMON 0076
ADCconfig@just            cstackCOMMON 0073
CONVdec@equiv             cstackBANK0  0044
CONVdec@lectura           cstackCOMMON 0077
_ADCON0bits               (abs)        001F
_ADCON1bits               (abs)        009F
_ADCconfig                text17       0D60
_ADRESH                   (abs)        001E
_ANSEL                    (abs)        0188
_ANSELH                   (abs)        0189
_CONVdec                  text20       0D1F
_ClearLCD                 text18       07F7
_INTCONbits               (abs)        000B
_OPTION_REGbits           (abs)        0081
_OSCCONbits               (abs)        008F
_PIE1bits                 (abs)        008C
_PIR1bits                 (abs)        000C
_PORTA                    (abs)        0005
_PORTB                    (abs)        0006
_PORTC                    (abs)        0007
_PORTD                    (abs)        0008
_PORTE                    (abs)        0009
_RC0                      (abs)        0038
_RC1                      (abs)        0039
_RCREG                    (abs)        001A
_RCSTAbits                (abs)        0018
_SPBRG                    (abs)        0099
_TRISA                    (abs)        0085
_TRISB                    (abs)        0086
_TRISC                    (abs)        0087
_TRISCbits                (abs)        0087
_TRISD                    (abs)        0088
_TRISE                    (abs)        0089
_TXREG                    (abs)        0019
_TXSTAbits                (abs)        0098
_UARTdat                  bssCOMMON    007A
_UARTval                  bssBANK0     0062
__Habs1                   abs1         0000
__Hbank0                  bank0        0000
__Hbank1                  bank1        0000
__Hbank2                  bank2        0000
__Hbank3                  bank3        0000
__HbssBANK0               bssBANK0     0000
__HbssCOMMON              bssCOMMON    0000
__Hcinit                  cinit        0024
__Hclrtext                clrtext      0000
__Hcode                   code         0000
__Hcommon                 common       0000
__Hconfig                 config       2009
__HcstackBANK0            cstackBANK0  0000
__HcstackCOMMON           cstackCOMMON 0000
__Heeprom_data            eeprom_data  0000
__Hend_init               end_init     000F
__Hfunctab                functab      0000
__Hinit                   init         000C
__Hintentry               intentry     000C
__Hmaintext               maintext     0000
__Hpowerup                powerup      0000
__Hram                    ram          0000
__Hreset_vec              reset_vec    0003
__Hsfr0                   sfr0         0000
__Hsfr1                   sfr1         0000
__Hsfr2                   sfr2         0000
__Hsfr3                   sfr3         0000
__Hspace_0                (abs)        1000
__Hspace_1                (abs)        007B
__Hspace_2                (abs)        0000
__Hspace_3                (abs)        0000
__Hspace_4                (abs)        4010
__Hstack                  stack        0000
__Hstrings                strings      0000
__Htext                   text         0000
__Labs1                   abs1         0000
__Lbank0                  bank0        0000
__Lbank1                  bank1        0000
__Lbank2                  bank2        0000
__Lbank3                  bank3        0000
__LbssBANK0               bssBANK0     0000
__LbssCOMMON              bssCOMMON    0000
__Lcinit                  cinit        000F
__Lclrtext                clrtext      0000
__Lcode                   code         0000
__Lcommon                 common       0000
__Lconfig                 config       0000
__LcstackBANK0            cstackBANK0  0000
__LcstackCOMMON           cstackCOMMON 0000
__Leeprom_data            eeprom_data  0000
__Lend_init               end_init     000C
__Lfunctab                functab      0000
__Linit                   init         000C
__Lintentry               intentry     0004
__Lmaintext               maintext     0000
__Lpowerup                powerup      0000
__Lram                    ram          0000
__Lreset_vec              reset_vec    0000
__Lsfr0                   sfr0         0000
__Lsfr1                   sfr1         0000
__Lsfr2                   sfr2         0000
__Lsfr3                   sfr3         0000
__Lspace_0                (abs)        0000
__Lspace_1                (abs)        0000
__Lspace_2                (abs)        0000
__Lspace_3                (abs)        0000
__Lspace_4                (abs)        0000
__Lstack                  stack        0000
__Lstrings                strings      0000
__Ltext                   text         0000
__S0                      (abs)        1000
__S1                      (abs)        007B
__S2                      (abs)        0000
__S3                      (abs)        0000
__Umul8_16                text23       0C8F
__Umul8_16@multiplicand   cstackCOMMON 0073
__Umul8_16@multiplier     cstackBANK0  0024
__Umul8_16@product        cstackBANK0  0020
__Umul8_16@word_mpld      cstackBANK0  0022
___awdiv                  text8        0E84
___awdiv@counter          cstackBANK0  0020
___awdiv@dividend         cstackCOMMON 0075
___awdiv@divisor          cstackCOMMON 0073
___awdiv@quotient         cstackBANK0  0022
___awdiv@sign             cstackBANK0  0021
___bmul                   text7        0C14
___bmul@multiplicand      cstackCOMMON 0073
___bmul@multiplier        cstackCOMMON 0076
___bmul@product           cstackCOMMON 0075
___fladd                  text11       0385
___fladd@a                cstackBANK0  0024
___fladd@aexp             cstackCOMMON 0074
___fladd@b                cstackBANK0  0020
___fladd@bexp             cstackCOMMON 0075
___fladd@grs              cstackCOMMON 0076
___fladd@signs            cstackCOMMON 0073
___flmul                  text22       0024
___flmul@a                cstackBANK0  002E
___flmul@aexp             cstackBANK0  0038
___flmul@b                cstackBANK0  002A
___flmul@bexp             cstackBANK0  003D
___flmul@grs              cstackBANK0  0039
___flmul@prod             cstackBANK0  003E
___flmul@sign             cstackBANK0  0037
___flmul@temp             cstackBANK0  0042
___flsub                  text10       0C6B
___flsub@a                cstackBANK0  0030
___flsub@b                cstackBANK0  0034
___fltol                  text9        0EED
___fltol@exp1             cstackCOMMON 0078
___fltol@f1               cstackBANK0  0044
___fltol@sign1            cstackCOMMON 0077
___int_sp                 stack        0000
___latbits                (abs)        0002
___sp                     stack        0000
___stackhi                (abs)        0000
___stacklo                (abs)        0000
___xxtofl                 text21       0615
___xxtofl@arg             cstackBANK0  0026
___xxtofl@exp             cstackBANK0  0025
___xxtofl@sign            cstackBANK0  0024
___xxtofl@val             cstackCOMMON 0073
__end_of_ADCconfig        text17       0DA5
__end_of_CONVdec          text20       0D60
__end_of_ClearLCD         text18       07FE
__end_of__Umul8_16        text23       0CB8
__end_of___awdiv          text8        0EED
__end_of___bmul           text7        0C29
__end_of___fladd          text11       0615
__end_of___flmul          text22       0385
__end_of___flsub          text10       0C8F
__end_of___fltol          text9        0F69
__end_of___xxtofl         text21       06D1
__end_of__initialization  cinit        0020
__end_of__stringtab       strings      0806
__end_of_comandoLCD       text19       0C14
__end_of_configUART       text16       0C00
__end_of_configuracion    text15       0D1F
__end_of_cursorLCD        text14       0C6B
__end_of_dispCHAR         text13       0BEE
__end_of_division         text6        0DED
__end_of_divisiondecimal  text2        07F7
__end_of_initLCD          text12       0E37
__end_of_interrupcion     text24       0E84
__end_of_main             maintext     1000
__end_of_send1dato        text5        0BDE
__end_of_sendString       text4        0C48
__end_of_sendfloat        text3        077A
__end_of_sendhex          text1        0CE9
__initialization          cinit        000F
__pbssBANK0               bssBANK0     005F
__pbssCOMMON              bssCOMMON    007A
__pcstackBANK0            cstackBANK0  0020
__pcstackCOMMON           cstackCOMMON 0070
__pintentry               intentry     0004
__pmaintext               maintext     0F69
__pstrings                strings      0800
__ptext1                  text1        0CB8
__ptext10                 text10       0C6B
__ptext11                 text11       0385
__ptext12                 text12       0DED
__ptext13                 text13       0BDE
__ptext14                 text14       0C48
__ptext15                 text15       0CE9
__ptext16                 text16       0BEE
__ptext17                 text17       0D60
__ptext18                 text18       07F7
__ptext19                 text19       0C00
__ptext2                  text2        077A
__ptext20                 text20       0D1F
__ptext21                 text21       0615
__ptext22                 text22       0024
__ptext23                 text23       0C8F
__ptext24                 text24       0E37
__ptext3                  text3        06D1
__ptext4                  text4        0C29
__ptext5                  text5        0BD2
__ptext6                  text6        0DA5
__ptext7                  text7        0C14
__ptext8                  text8        0E84
__ptext9                  text9        0EED
__size_of_ADCconfig       (abs)        0000
__size_of_CONVdec         (abs)        0000
__size_of_ClearLCD        (abs)        0000
__size_of__Umul8_16       (abs)        0000
__size_of___awdiv         (abs)        0000
__size_of___bmul          (abs)        0000
__size_of___fladd         (abs)        0000
__size_of___flmul         (abs)        0000
__size_of___flsub         (abs)        0000
__size_of___fltol         (abs)        0000
__size_of___xxtofl        (abs)        0000
__size_of_comandoLCD      (abs)        0000
__size_of_configUART      (abs)        0000
__size_of_configuracion   (abs)        0000
__size_of_cursorLCD       (abs)        0000
__size_of_dispCHAR        (abs)        0000
__size_of_division        (abs)        0000
__size_of_divisiondecimal (abs)        0000
__size_of_initLCD         (abs)        0000
__size_of_interrupcion    (abs)        0000
__size_of_main            (abs)        0000
__size_of_send1dato       (abs)        0000
__size_of_sendString      (abs)        0000
__size_of_sendfloat       (abs)        0000
__size_of_sendhex         (abs)        0000
__stringbase              strings      0805
__stringtab               strings      0800
_comandoLCD               text19       0C00
_configUART               text16       0BEE
_configuracion            text15       0CE9
_cursorLCD                text14       0C48
_dispCHAR                 text13       0BDE
_division                 text6        0DA5
_divisiondecimal          text2        077A
_initLCD                  text12       0DED
_interrupcion             text24       0E37
_main                     maintext     0F69
_pot1                     bssBANK0     006C
_pot2                     bssBANK0     006B
_send1dato                text5        0BD2
_sendString               text4        0C29
_sendfloat                text3        06D1
_sendhex                  text1        0CB8
_val1                     bssBANK0     0067
_val2                     bssBANK0     0063
btemp                     (abs)        007E
comandoLCD@cmd            cstackCOMMON 0075
cursorLCD@columna         cstackCOMMON 0076
cursorLCD@fila            cstackCOMMON 0078
cursorLCD@temp            cstackCOMMON 0079
dispCHAR@b                cstackCOMMON 0074
division@conteo           cstackBANK0  0027
division@dec              cstackCOMMON 0079
division@div              cstackBANK0  0028
division@un               cstackCOMMON 0078
divisiondecimal@cent      cstackBANK0  0026
divisiondecimal@conteo    cstackCOMMON 0078
divisiondecimal@dec       cstackBANK0  0025
divisiondecimal@div       cstackCOMMON 0079
divisiondecimal@un        cstackBANK0  0024
end_of_initialization     cinit        0020
interrupt_function        intentry     0004
intlevel0                 functab      0000
intlevel1                 functab      0000
intlevel2                 functab      0000
intlevel3                 functab      0000
intlevel4                 functab      0000
intlevel5                 functab      0000
reset_vec                 reset_vec    0000
saved_w                   (abs)        007E
send1dato@dato            cstackCOMMON 0073
sendString@mensaje        cstackCOMMON 0075
sendfloat@decimal         cstackBANK0  0059
sendfloat@digdecimal      cstackBANK0  005B
sendfloat@entero          cstackBANK0  005A
sendfloat@temp            cstackBANK0  0055
sendfloat@valor           cstackBANK0  004D
sendhex@centena           cstackBANK0  002F
sendhex@decena            cstackBANK0  0030
sendhex@unidad            cstackBANK0  002E
sendhex@valor             cstackBANK0  002D
start                     init         000C
start_initialization      cinit        000F
wtemp0                    (abs)        007E


FUNCTION INFORMATION:

 *************** function _main *****************
 Defined at:
		line 75 in file "main.c"
 Parameters:    Size  Location     Type
		None
 Auto vars:     Size  Location     Type
		None
 Return value:  Size  Location     Type
                  1    wreg      void 
 Registers used:
		wreg, fsr0l, fsr0h, status,2, status,0, btemp+1, pclath, cstack
 Tracked objects:
		On entry : 
		On exit  : 
		Unchanged: 
 Data sizes:     COMMON   BANK0   BANK1   BANK3   BANK2
      Params:         0       0       0       0       0
      Locals:         0       0       0       0       0
      Temps:          0       3       0       0       0
      Totals:         0       3       0       0       0
Total ram usage:        3 bytes
 Hardware stack levels required when called:    4
 This function calls:
		_CONVdec
		_ClearLCD
		_configuracion
		_cursorLCD
		_dispCHAR
		_initLCD
		_sendString
		_sendfloat
		_sendhex
 This function is called by:
		Startup code after reset
 This function uses a non-reentrant model


 *************** function _sendhex *****************
 Defined at:
		line 61 in file "ComSerial.c"
 Parameters:    Size  Location     Type
  valor           1    wreg     unsigned char 
 Auto vars:     Size  Location     Type
  valor           1   13[BANK0 ] unsigned char 
  decena          1   16[BANK0 ] unsigned char 
  centena         1   15[BANK0 ] unsigned char 
  unidad          1   14[BANK0 ] unsigned char 
 Return value:  Size  Location     Type
                  1    wreg      void 
 Registers used:
		wreg, fsr0l, fsr0h, status,2, status,0, pclath, cstack
 Tracked objects:
		On entry : 
		On exit  : 
		Unchanged: 
 Data sizes:     COMMON   BANK0   BANK1   BANK3   BANK2
      Params:         0       0       0       0       0
      Locals:         0       4       0       0       0
      Temps:          0       3       0       0       0
      Totals:         0       7       0       0       0
Total ram usage:        7 bytes
 Hardware stack levels used:    1
 Hardware stack levels required when called:    3
 This function calls:
		_divisiondecimal
		_send1dato
 This function is called by:
		_main
 This function uses a non-reentrant model


 *************** function _divisiondecimal *****************
 Defined at:
		line 88 in file "ComSerial.c"
 Parameters:    Size  Location     Type
  conteo          1    wreg     unsigned char 
  un              1    4[BANK0 ] PTR unsigned char 
		 -> sendhex@unidad(1), 
  dec             1    5[BANK0 ] PTR unsigned char 
		 -> sendhex@decena(1), 
  cent            1    6[BANK0 ] PTR unsigned char 
		 -> sendhex@centena(1), 
 Auto vars:     Size  Location     Type
  conteo          1    8[COMMON] unsigned char 
  div             1    9[COMMON] unsigned char 
 Return value:  Size  Location     Type
                  1    wreg      void 
 Registers used:
		wreg, fsr0l, fsr0h, status,2, status,0, pclath, cstack
 Tracked objects:
		On entry : 
		On exit  : 
		Unchanged: 
 Data sizes:     COMMON   BANK0   BANK1   BANK3   BANK2
      Params:         0       3       0       0       0
      Locals:         2       0       0       0       0
      Temps:          0       3       0       0       0
      Totals:         2       6       0       0       0
Total ram usage:        8 bytes
 Hardware stack levels used:    1
 Hardware stack levels required when called:    2
 This function calls:
		___awdiv
		___bmul
 This function is called by:
		_sendhex
 This function uses a non-reentrant model


 *************** function _sendfloat *****************
 Defined at:
		line 39 in file "ComSerial.c"
 Parameters:    Size  Location     Type
  valor           4   45[BANK0 ] const float 
 Auto vars:     Size  Location     Type
  temp            4   53[BANK0 ] float 
  digdecimal      1   59[BANK0 ] unsigned char [1]
  entero          1   58[BANK0 ] unsigned char 
  decimal         1   57[BANK0 ] unsigned char 
 Return value:  Size  Location     Type
                  1    wreg      void 
 Registers used:
		wreg, fsr0l, fsr0h, status,2, status,0, btemp+1, pclath, cstack
 Tracked objects:
		On entry : 
		On exit  : 
		Unchanged: 
 Data sizes:     COMMON   BANK0   BANK1   BANK3   BANK2
      Params:         0       4       0       0       0
      Locals:         0       7       0       0       0
      Temps:          0       4       0       0       0
      Totals:         0      15       0       0       0
Total ram usage:       15 bytes
 Hardware stack levels used:    1
 Hardware stack levels required when called:    3
 This function calls:
		___flmul
		___flsub
		___fltol
		___xxtofl
		_division
		_send1dato
		_sendString
 This function is called by:
		_main
 This function uses a non-reentrant model


 *************** function _sendString *****************
 Defined at:
		line 31 in file "ComSerial.c"
 Parameters:    Size  Location     Type
  mensaje         1    wreg     PTR unsigned char 
		 -> STR_6(2), STR_5(2), STR_4(6), STR_3(8), 
		 -> STR_2(8), STR_1(8), 
 Auto vars:     Size  Location     Type
  mensaje         1    5[COMMON] PTR unsigned char 
		 -> STR_6(2), STR_5(2), STR_4(6), STR_3(8), 
		 -> STR_2(8), STR_1(8), 
 Return value:  Size  Location     Type
                  1    wreg      void 
 Registers used:
		wreg, fsr0l, fsr0h, status,2, status,0, pclath, cstack
 Tracked objects:
		On entry : 
		On exit  : 
		Unchanged: 
 Data sizes:     COMMON   BANK0   BANK1   BANK3   BANK2
      Params:         0       0       0       0       0
      Locals:         1       0       0       0       0
      Temps:          1       0       0       0       0
      Totals:         2       0       0       0       0
Total ram usage:        2 bytes
 Hardware stack levels used:    1
 Hardware stack levels required when called:    2
 This function calls:
		_send1dato
 This function is called by:
		_main
		_sendfloat
 This function uses a non-reentrant model


 *************** function _send1dato *****************
 Defined at:
		line 26 in file "ComSerial.c"
 Parameters:    Size  Location     Type
  dato            1    wreg     unsigned char 
 Auto vars:     Size  Location     Type
  dato            1    3[COMMON] unsigned char 
 Return value:  Size  Location     Type
                  1    wreg      void 
 Registers used:
		wreg
 Tracked objects:
		On entry : 
		On exit  : 
		Unchanged: 
 Data sizes:     COMMON   BANK0   BANK1   BANK3   BANK2
      Params:         0       0       0       0       0
      Locals:         1       0       0       0       0
      Temps:          0       0       0       0       0
      Totals:         1       0       0       0       0
Total ram usage:        1 bytes
 Hardware stack levels used:    1
 Hardware stack levels required when called:    1
 This function calls:
		Nothing
 This function is called by:
		_sendString
		_sendfloat
		_sendhex
 This function uses a non-reentrant model


 *************** function _division *****************
 Defined at:
		line 74 in file "ComSerial.c"
 Parameters:    Size  Location     Type
  conteo          1    wreg     unsigned char 
  un              1    8[COMMON] PTR unsigned char 
		 -> sendfloat@digdecimal(1), 
  dec             1    9[COMMON] PTR unsigned char 
		 -> sendfloat@digdecimal(1), 
 Auto vars:     Size  Location     Type
  conteo          1    7[BANK0 ] unsigned char 
  div             1    8[BANK0 ] unsigned char 
 Return value:  Size  Location     Type
                  1    wreg      void 
 Registers used:
		wreg, fsr0l, fsr0h, status,2, status,0, pclath, cstack
 Tracked objects:
		On entry : 
		On exit  : 
		Unchanged: 
 Data sizes:     COMMON   BANK0   BANK1   BANK3   BANK2
      Params:         2       0       0       0       0
      Locals:         0       2       0       0       0
      Temps:          0       3       0       0       0
      Totals:         2       5       0       0       0
Total ram usage:        7 bytes
 Hardware stack levels used:    1
 Hardware stack levels required when called:    2
 This function calls:
		___awdiv
		___bmul
 This function is called by:
		_sendfloat
 This function uses a non-reentrant model


 *************** function ___bmul *****************
 Defined at:
		line 4 in file "C:\Program Files\Microchip\xc8\v2.31\pic\sources\c90\common\Umul8.c"
 Parameters:    Size  Location     Type
  multiplier      1    wreg     unsigned char 
  multiplicand    1    3[COMMON] unsigned char 
 Auto vars:     Size  Location     Type
  multiplier      1    6[COMMON] unsigned char 
  product         1    5[COMMON] unsigned char 
 Return value:  Size  Location     Type
                  1    wreg      unsigned char 
 Registers used:
		wreg, status,2, status,0
 Tracked objects:
		On entry : 
		On exit  : 
		Unchanged: 
 Data sizes:     COMMON   BANK0   BANK1   BANK3   BANK2
      Params:         1       0       0       0       0
      Locals:         2       0       0       0       0
      Temps:          1       0       0       0       0
      Totals:         4       0       0       0       0
Total ram usage:        4 bytes
 Hardware stack levels used:    1
 Hardware stack levels required when called:    1
 This function calls:
		Nothing
 This function is called by:
		_division
		_divisiondecimal
 This function uses a non-reentrant model


 *************** function ___awdiv *****************
 Defined at:
		line 5 in file "C:\Program Files\Microchip\xc8\v2.31\pic\sources\c90\common\awdiv.c"
 Parameters:    Size  Location     Type
  divisor         2    3[COMMON] int 
  dividend        2    5[COMMON] int 
 Auto vars:     Size  Location     Type
  quotient        2    2[BANK0 ] int 
  sign            1    1[BANK0 ] unsigned char 
  counter         1    0[BANK0 ] unsigned char 
 Return value:  Size  Location     Type
                  2    3[COMMON] int 
 Registers used:
		wreg, status,2, status,0
 Tracked objects:
		On entry : 
		On exit  : 
		Unchanged: 
 Data sizes:     COMMON   BANK0   BANK1   BANK3   BANK2
      Params:         4       0       0       0       0
      Locals:         0       4       0       0       0
      Temps:          1       0       0       0       0
      Totals:         5       4       0       0       0
Total ram usage:        9 bytes
 Hardware stack levels used:    1
 Hardware stack levels required when called:    1
 This function calls:
		Nothing
 This function is called by:
		_division
		_divisiondecimal
 This function uses a non-reentrant model


 *************** function ___fltol *****************
 Defined at:
		line 43 in file "C:\Program Files\Microchip\xc8\v2.31\pic\sources\c90\common\fltol.c"
 Parameters:    Size  Location     Type
  f1              4   36[BANK0 ] int 
 Auto vars:     Size  Location     Type
  exp1            1    8[COMMON] unsigned char 
  sign1           1    7[COMMON] unsigned char 
 Return value:  Size  Location     Type
                  4   36[BANK0 ] long 
 Registers used:
		wreg, status,2, status,0
 Tracked objects:
		On entry : 
		On exit  : 
		Unchanged: 
 Data sizes:     COMMON   BANK0   BANK1   BANK3   BANK2
      Params:         0       4       0       0       0
      Locals:         2       0       0       0       0
      Temps:          0       5       0       0       0
      Totals:         2       9       0       0       0
Total ram usage:       11 bytes
 Hardware stack levels used:    1
 Hardware stack levels required when called:    1
 This function calls:
		Nothing
 This function is called by:
		_sendfloat
 This function uses a non-reentrant model


 *************** function ___flsub *****************
 Defined at:
		line 242 in file "C:\Program Files\Microchip\xc8\v2.31\pic\sources\c90\common\sprcadd.c"
 Parameters:    Size  Location     Type
  a               4   16[BANK0 ] long 
  b               4   20[BANK0 ] long 
 Auto vars:     Size  Location     Type
		None
 Return value:  Size  Location     Type
                  4   16[BANK0 ] long 
 Registers used:
		wreg, status,2, status,0, btemp+1, pclath, cstack
 Tracked objects:
		On entry : 
		On exit  : 
		Unchanged: 
 Data sizes:     COMMON   BANK0   BANK1   BANK3   BANK2
      Params:         0       8       0       0       0
      Locals:         0       0       0       0       0
      Temps:          0       0       0       0       0
      Totals:         0       8       0       0       0
Total ram usage:        8 bytes
 Hardware stack levels used:    1
 Hardware stack levels required when called:    2
 This function calls:
		___fladd
 This function is called by:
		_sendfloat
 This function uses a non-reentrant model


 *************** function ___fladd *****************
 Defined at:
		line 10 in file "C:\Program Files\Microchip\xc8\v2.31\pic\sources\c90\common\sprcadd.c"
 Parameters:    Size  Location     Type
  b               4    0[BANK0 ] long 
  a               4    4[BANK0 ] long 
 Auto vars:     Size  Location     Type
  grs             1    6[COMMON] unsigned char 
  bexp            1    5[COMMON] unsigned char 
  aexp            1    4[COMMON] unsigned char 
  signs           1    3[COMMON] unsigned char 
 Return value:  Size  Location     Type
                  4    0[BANK0 ] unsigned char 
 Registers used:
		wreg, status,2, status,0, btemp+1
 Tracked objects:
		On entry : 
		On exit  : 
		Unchanged: 
 Data sizes:     COMMON   BANK0   BANK1   BANK3   BANK2
      Params:         0       8       0       0       0
      Locals:         4       0       0       0       0
      Temps:          0       8       0       0       0
      Totals:         4      16       0       0       0
Total ram usage:       20 bytes
 Hardware stack levels used:    1
 Hardware stack levels required when called:    1
 This function calls:
		Nothing
 This function is called by:
		___flsub
 This function uses a non-reentrant model


 *************** function _initLCD *****************
 Defined at:
		line 20 in file "LCDD2.c"
 Parameters:    Size  Location     Type
		None
 Auto vars:     Size  Location     Type
		None
 Return value:  Size  Location     Type
                  1    wreg      void 
 Registers used:
		wreg, status,2, status,0, pclath, cstack
 Tracked objects:
		On entry : 
		On exit  : 
		Unchanged: 
 Data sizes:     COMMON   BANK0   BANK1   BANK3   BANK2
      Params:         0       0       0       0       0
      Locals:         0       0       0       0       0
      Temps:          2       0       0       0       0
      Totals:         2       0       0       0       0
Total ram usage:        2 bytes
 Hardware stack levels used:    1
 Hardware stack levels required when called:    2
 This function calls:
		_comandoLCD
 This function is called by:
		_main
 This function uses a non-reentrant model


 *************** function _dispCHAR *****************
 Defined at:
		line 40 in file "LCDD2.c"
 Parameters:    Size  Location     Type
  b               1    wreg     unsigned char 
 Auto vars:     Size  Location     Type
  b               1    4[COMMON] unsigned char 
 Return value:  Size  Location     Type
                  1    wreg      void 
 Registers used:
		wreg
 Tracked objects:
		On entry : 
		On exit  : 
		Unchanged: 
 Data sizes:     COMMON   BANK0   BANK1   BANK3   BANK2
      Params:         0       0       0       0       0
      Locals:         1       0       0       0       0
      Temps:          1       0       0       0       0
      Totals:         2       0       0       0       0
Total ram usage:        2 bytes
 Hardware stack levels used:    1
 Hardware stack levels required when called:    1
 This function calls:
		Nothing
 This function is called by:
		_main
 This function uses a non-reentrant model


 *************** function _cursorLCD *****************
 Defined at:
		line 50 in file "LCDD2.c"
 Parameters:    Size  Location     Type
  fila            1    wreg     unsigned char 
  columna         1    6[COMMON] unsigned char 
 Auto vars:     Size  Location     Type
  fila            1    8[COMMON] unsigned char 
  temp            1    9[COMMON] unsigned char 
 Return value:  Size  Location     Type
                  1    wreg      void 
 Registers used:
		wreg, status,2, status,0, pclath, cstack
 Tracked objects:
		On entry : 
		On exit  : 
		Unchanged: 
 Data sizes:     COMMON   BANK0   BANK1   BANK3   BANK2
      Params:         1       0       0       0       0
      Locals:         2       0       0       0       0
      Temps:          1       0       0       0       0
      Totals:         4       0       0       0       0
Total ram usage:        4 bytes
 Hardware stack levels used:    1
 Hardware stack levels required when called:    2
 This function calls:
		_comandoLCD
 This function is called by:
		_main
 This function uses a non-reentrant model


 *************** function _configuracion *****************
 Defined at:
		line 100 in file "main.c"
 Parameters:    Size  Location     Type
		None
 Auto vars:     Size  Location     Type
		None
 Return value:  Size  Location     Type
                  1    wreg      void 
 Registers used:
		wreg, fsr0l, fsr0h, status,2, status,0, pclath, cstack
 Tracked objects:
		On entry : 
		On exit  : 
		Unchanged: 
 Data sizes:     COMMON   BANK0   BANK1   BANK3   BANK2
      Params:         0       0       0       0       0
      Locals:         0       0       0       0       0
      Temps:          0       0       0       0       0
      Totals:         0       0       0       0       0
Total ram usage:        0 bytes
 Hardware stack levels used:    1
 Hardware stack levels required when called:    2
 This function calls:
		_ADCconfig
		_configUART
 This function is called by:
		_main
 This function uses a non-reentrant model


 *************** function _configUART *****************
 Defined at:
		line 11 in file "ComSerial.c"
 Parameters:    Size  Location     Type
		None
 Auto vars:     Size  Location     Type
		None
 Return value:  Size  Location     Type
                  1    wreg      void 
 Registers used:
		wreg
 Tracked objects:
		On entry : 
		On exit  : 
		Unchanged: 
 Data sizes:     COMMON   BANK0   BANK1   BANK3   BANK2
      Params:         0       0       0       0       0
      Locals:         0       0       0       0       0
      Temps:          0       0       0       0       0
      Totals:         0       0       0       0       0
Total ram usage:        0 bytes
 Hardware stack levels used:    1
 Hardware stack levels required when called:    1
 This function calls:
		Nothing
 This function is called by:
		_configuracion
 This function uses a non-reentrant model


 *************** function _ADCconfig *****************
 Defined at:
		line 10 in file "ADC.c"
 Parameters:    Size  Location     Type
  canal           1    wreg     unsigned char 
  just            1    3[COMMON] unsigned char 
 Auto vars:     Size  Location     Type
  canal           1    6[COMMON] unsigned char 
 Return value:  Size  Location     Type
                  1    wreg      void 
 Registers used:
		wreg, fsr0l, fsr0h, status,2, status,0
 Tracked objects:
		On entry : 
		On exit  : 
		Unchanged: 
 Data sizes:     COMMON   BANK0   BANK1   BANK3   BANK2
      Params:         1       0       0       0       0
      Locals:         1       0       0       0       0
      Temps:          2       0       0       0       0
      Totals:         4       0       0       0       0
Total ram usage:        4 bytes
 Hardware stack levels used:    1
 Hardware stack levels required when called:    1
 This function calls:
		Nothing
 This function is called by:
		_configuracion
 This function uses a non-reentrant model


 *************** function _ClearLCD *****************
 Defined at:
		line 71 in file "LCDD2.c"
 Parameters:    Size  Location     Type
		None
 Auto vars:     Size  Location     Type
		None
 Return value:  Size  Location     Type
                  1    wreg      void 
 Registers used:
		wreg, status,2, status,0, pclath, cstack
 Tracked objects:
		On entry : 
		On exit  : 
		Unchanged: 
 Data sizes:     COMMON   BANK0   BANK1   BANK3   BANK2
      Params:         0       0       0       0       0
      Locals:         0       0       0       0       0
      Temps:          0       0       0       0       0
      Totals:         0       0       0       0       0
Total ram usage:        0 bytes
 Hardware stack levels used:    1
 Hardware stack levels required when called:    2
 This function calls:
		_comandoLCD
 This function is called by:
		_main
 This function uses a non-reentrant model


 *************** function _comandoLCD *****************
 Defined at:
		line 63 in file "LCDD2.c"
 Parameters:    Size  Location     Type
  cmd             1    wreg     unsigned char 
 Auto vars:     Size  Location     Type
  cmd             1    5[COMMON] unsigned char 
 Return value:  Size  Location     Type
                  1    wreg      void 
 Registers used:
		wreg
 Tracked objects:
		On entry : 
		On exit  : 
		Unchanged: 
 Data sizes:     COMMON   BANK0   BANK1   BANK3   BANK2
      Params:         0       0       0       0       0
      Locals:         1       0       0       0       0
      Temps:          2       0       0       0       0
      Totals:         3       0       0       0       0
Total ram usage:        3 bytes
 Hardware stack levels used:    1
 Hardware stack levels required when called:    1
 This function calls:
		Nothing
 This function is called by:
		_initLCD
		_cursorLCD
		_ClearLCD
 This function uses a non-reentrant model


 *************** function _CONVdec *****************
 Defined at:
		line 52 in file "ADC.c"
 Parameters:    Size  Location     Type
  lectura         1    wreg     PTR unsigned char 
		 -> pot2(1), pot1(1), 
  equiv           1   36[BANK0 ] PTR float 
		 -> val2(4), val1(4), 
 Auto vars:     Size  Location     Type
  lectura         1    7[COMMON] PTR unsigned char 
		 -> pot2(1), pot1(1), 
 Return value:  Size  Location     Type
                  1    wreg      void 
 Registers used:
		wreg, fsr0l, fsr0h, status,2, status,0, btemp+1, pclath, cstack
 Tracked objects:
		On entry : 
		On exit  : 
		Unchanged: 
 Data sizes:     COMMON   BANK0   BANK1   BANK3   BANK2
      Params:         0       1       0       0       0
      Locals:         1       0       0       0       0
      Temps:          0       4       0       0       0
      Totals:         1       5       0       0       0
Total ram usage:        6 bytes
 Hardware stack levels used:    1
 Hardware stack levels required when called:    3
 This function calls:
		___flmul
		___xxtofl
 This function is called by:
		_main
 This function uses a non-reentrant model


 *************** function ___xxtofl *****************
 Defined at:
		line 10 in file "C:\Program Files\Microchip\xc8\v2.31\pic\sources\c90\common\xxtofl.c"
 Parameters:    Size  Location     Type
  sign            1    wreg     unsigned char 
  val             4    3[COMMON] long 
 Auto vars:     Size  Location     Type
  sign            1    4[BANK0 ] unsigned char 
  arg             4    6[BANK0 ] unsigned long 
  exp             1    5[BANK0 ] unsigned char 
 Return value:  Size  Location     Type
                  4    3[COMMON] unsigned char 
 Registers used:
		wreg, status,2, status,0
 Tracked objects:
		On entry : 
		On exit  : 
		Unchanged: 
 Data sizes:     COMMON   BANK0   BANK1   BANK3   BANK2
      Params:         4       0       0       0       0
      Locals:         0       6       0       0       0
      Temps:          0       4       0       0       0
      Totals:         4      10       0       0       0
Total ram usage:       14 bytes
 Hardware stack levels used:    1
 Hardware stack levels required when called:    1
 This function calls:
		Nothing
 This function is called by:
		_CONVdec
		_sendfloat
 This function uses a non-reentrant model


 *************** function ___flmul *****************
 Defined at:
		line 8 in file "C:\Program Files\Microchip\xc8\v2.31\pic\sources\c90\common\sprcmul.c"
 Parameters:    Size  Location     Type
  b               4   10[BANK0 ] unsigned char 
  a               4   14[BANK0 ] unsigned char 
 Auto vars:     Size  Location     Type
  prod            4   30[BANK0 ] struct .
  grs             4   25[BANK0 ] unsigned long 
  temp            2   34[BANK0 ] struct .
  bexp            1   29[BANK0 ] unsigned char 
  aexp            1   24[BANK0 ] unsigned char 
  sign            1   23[BANK0 ] unsigned char 
 Return value:  Size  Location     Type
                  4   10[BANK0 ] unsigned char 
 Registers used:
		wreg, status,2, status,0, btemp+1, pclath, cstack
 Tracked objects:
		On entry : 
		On exit  : 
		Unchanged: 
 Data sizes:     COMMON   BANK0   BANK1   BANK3   BANK2
      Params:         0       8       0       0       0
      Locals:         0      13       0       0       0
      Temps:          0       5       0       0       0
      Totals:         0      26       0       0       0
Total ram usage:       26 bytes
 Hardware stack levels used:    1
 Hardware stack levels required when called:    2
 This function calls:
		__Umul8_16
 This function is called by:
		_CONVdec
		_sendfloat
 This function uses a non-reentrant model


 *************** function __Umul8_16 *****************
 Defined at:
		line 4 in file "C:\Program Files\Microchip\xc8\v2.31\pic\sources\c90\common\Umul8_16.c"
 Parameters:    Size  Location     Type
  multiplier      1    wreg     unsigned char 
  multiplicand    1    3[COMMON] unsigned char 
 Auto vars:     Size  Location     Type
  multiplier      1    4[BANK0 ] unsigned char 
  word_mpld       2    2[BANK0 ] unsigned int 
  product         2    0[BANK0 ] unsigned int 
 Return value:  Size  Location     Type
                  2    3[COMMON] unsigned int 
 Registers used:
		wreg, status,2, status,0
 Tracked objects:
		On entry : 
		On exit  : 
		Unchanged: 
 Data sizes:     COMMON   BANK0   BANK1   BANK3   BANK2
      Params:         2       0       0       0       0
      Locals:         0       5       0       0       0
      Temps:          2       0       0       0       0
      Totals:         4       5       0       0       0
Total ram usage:        9 bytes
 Hardware stack levels used:    1
 Hardware stack levels required when called:    1
 This function calls:
		Nothing
 This function is called by:
		___flmul
 This function uses a non-reentrant model


 *************** function _interrupcion *****************
 Defined at:
		line 50 in file "main.c"
 Parameters:    Size  Location     Type
		None
 Auto vars:     Size  Location     Type
		None
 Return value:  Size  Location     Type
                  1    wreg      void 
 Registers used:
		wreg, status,2, status,0
 Tracked objects:
		On entry : 
		On exit  : 
		Unchanged: 
 Data sizes:     COMMON   BANK0   BANK1   BANK3   BANK2
      Params:         0       0       0       0       0
      Locals:         0       0       0       0       0
      Temps:          3       0       0       0       0
      Totals:         3       0       0       0       0
Total ram usage:        3 bytes
 Hardware stack levels used:    1
 This function calls:
		Nothing
 This function is called by:
		Interrupt level 1
 This function uses a non-reentrant model



MODULE INFORMATION

Module		Function		Class		Link	Load	Size
C:\Program Files\Microchip\xc8\v2.31\pic\sources\c90\common\sprcmul.c
		___flmul       		CODE           	0024	0000	865

C:\Program Files\Microchip\xc8\v2.31\pic\sources\c90\common\sprcmul.c estimated size: 865

C:\Program Files\Microchip\xc8\v2.31\pic\sources\c90\common\Umul8_16.c
		__Umul8_16     		CODE           	0C8F	0000	41

C:\Program Files\Microchip\xc8\v2.31\pic\sources\c90\common\Umul8_16.c estimated size: 41

LCDD2.c
		_cursorLCD     		CODE           	0C48	0000	35
		_comandoLCD    		CODE           	0C00	0000	20
		_ClearLCD      		CODE           	07F7	0000	7
		_initLCD       		CODE           	0DED	0000	74
		_dispCHAR      		CODE           	0BDE	0000	16

LCDD2.c estimated size: 152

C:\Program Files\Microchip\xc8\v2.31\pic\sources\c90\common\sprcadd.c
		___flsub       		CODE           	0C6B	0000	36
		___fladd       		CODE           	0385	0000	656

C:\Program Files\Microchip\xc8\v2.31\pic\sources\c90\common\sprcadd.c estimated size: 692

C:\Program Files\Microchip\xc8\v2.31\pic\sources\c90\common\awdiv.c
		___awdiv       		CODE           	0E84	0000	105

C:\Program Files\Microchip\xc8\v2.31\pic\sources\c90\common\awdiv.c estimated size: 105

shared
		__stringtab    		STRING         	0800	0000	6
		__initialization		CODE           	000F	0000	17

shared estimated size: 23

C:\Program Files\Microchip\xc8\v2.31\pic\sources\c90\common\fltol.c
		___fltol       		CODE           	0EED	0000	124

C:\Program Files\Microchip\xc8\v2.31\pic\sources\c90\common\fltol.c estimated size: 124

C:\Program Files\Microchip\xc8\v2.31\pic\sources\c90\common\xxtofl.c
		___xxtofl      		CODE           	0615	0000	188

C:\Program Files\Microchip\xc8\v2.31\pic\sources\c90\common\xxtofl.c estimated size: 188

ADC.c
		_CONVdec       		CODE           	0D1F	0000	65
		_ADCconfig     		CODE           	0D60	0000	69

ADC.c estimated size: 134

C:\Program Files\Microchip\xc8\v2.31\pic\sources\c90\common\Umul8.c
		___bmul        		CODE           	0C14	0000	21

C:\Program Files\Microchip\xc8\v2.31\pic\sources\c90\common\Umul8.c estimated size: 21

ComSerial.c
		_divisiondecimal		CODE           	077A	0000	125
		_send1dato     		CODE           	0BD2	0000	12
		_sendString    		CODE           	0C29	0000	31
		_division      		CODE           	0DA5	0000	72
		_sendfloat     		CODE           	06D1	0000	169
		_sendhex       		CODE           	0CB8	0000	49
		_configUART    		CODE           	0BEE	0000	18

ComSerial.c estimated size: 476

main.c
		_configuracion 		CODE           	0CE9	0000	54
		_main          		CODE           	0F69	0000	151
		_interrupcion  		CODE           	0E37	0000	77

main.c estimated size: 282

